R
C 3
= 0x7fbbd241b358
R
P 0x7fbbd241b358
S "model"
S "true"
C 5
R
P 0x7fbbd241b358
C 7
= 0x7fbbd28bf008
R
P 0x7fbbd241b358
C 4
R
P 0x7fbbd28bf008
U 3
C 274
R
P 0x7fbbd28bf008
C 294
R
P 0x7fbbd28bf008
C 32
= 0x7fbbd28c86d8
R
P 0x7fbbd28bf008
C 294
R
P 0x7fbbd28bf008
P 0x7fbbd28c86d8
C 9
R
P 0x7fbbd28bf008
C 294
R
P 0x7fbbd28bf008
C 31
= 0x7fbbd28c8618
R
P 0x7fbbd28bf008
C 294
R
P 0x7fbbd28bf008
P 0x7fbbd28c8618
C 9
R
P 0x7fbbd28bf008
C 294
R
P 0x7fbbd28bf008
S "balance"
C 29
R
P 0x7fbbd28bf008
C 294
R
P 0x7fbbd28bf008
$ |balance|
P 0x7fbbd28c86d8
C 49
= 0x7fbbd28c8f78
R
P 0x7fbbd28bf008
C 294
R
P 0x7fbbd28bf008
P 0x7fbbd28c8f78
C 207
R
P 0x7fbbd28bf008
C 294
R
P 0x7fbbd28bf008
P 0x7fbbd28c8f78
C 204
= 0x7fbbd28c86d8
R
P 0x7fbbd28bf008
C 294
R
P 0x7fbbd28bf008
P 0x7fbbd28c86d8
C 165
R
P 0x7fbbd28bf008
C 294
R
P 0x7fbbd28bf008
P 0x7fbbd28c8f78
C 210
R
P 0x7fbbd28bf008
C 294
R
P 0x7fbbd28bf008
P 0x7fbbd28c8f78
C 209
R
P 0x7fbbd28bf008
C 294
R
P 0x7fbbd28bf008
P 0x7fbbd28c8f78
C 9
R
P 0x7fbbd28bf008
C 294
R
P 0x7fbbd28bf008
S "balance"
C 29
R
P 0x7fbbd28bf008
C 294
R
P 0x7fbbd28bf008
$ |balance|
P 0x7fbbd28c86d8
C 49
= 0x7fbbd28c8f78
R
P 0x7fbbd28bf008
C 294
R
P 0x7fbbd28bf008
P 0x7fbbd28c8f78
C 207
R
P 0x7fbbd28bf008
C 294
R
P 0x7fbbd28bf008
P 0x7fbbd28c8f78
C 204
= 0x7fbbd28c86d8
R
P 0x7fbbd28bf008
C 294
R
P 0x7fbbd28bf008
P 0x7fbbd28c86d8
C 165
R
P 0x7fbbd28bf008
C 294
R
P 0x7fbbd28bf008
P 0x7fbbd28c8f78
C 210
R
P 0x7fbbd28bf008
C 294
R
P 0x7fbbd28bf008
P 0x7fbbd28c8f78
C 209
R
P 0x7fbbd28bf008
C 294
R
P 0x7fbbd28bf008
P 0x7fbbd28c8f78
C 9
R
P 0x7fbbd28bf008
C 294
R
P 0x7fbbd28bf008
C 32
= 0x7fbbd28c86d8
R
P 0x7fbbd28bf008
C 294
R
P 0x7fbbd28bf008
P 0x7fbbd28c86d8
C 9
R
P 0x7fbbd28bf008
C 294
R
P 0x7fbbd28bf008
C 31
= 0x7fbbd28c8618
R
P 0x7fbbd28bf008
C 294
R
P 0x7fbbd28bf008
P 0x7fbbd28c8618
C 9
R
P 0x7fbbd28bf008
C 294
R
P 0x7fbbd28bf008
S "amount"
C 29
R
P 0x7fbbd28bf008
C 294
R
P 0x7fbbd28bf008
$ |amount|
P 0x7fbbd28c86d8
C 49
= 0x7fbbd28c8f98
R
P 0x7fbbd28bf008
C 294
R
P 0x7fbbd28bf008
P 0x7fbbd28c8f98
C 207
R
P 0x7fbbd28bf008
C 294
R
P 0x7fbbd28bf008
P 0x7fbbd28c8f98
C 204
= 0x7fbbd28c86d8
R
P 0x7fbbd28bf008
C 294
R
P 0x7fbbd28bf008
P 0x7fbbd28c86d8
C 165
R
P 0x7fbbd28bf008
C 294
R
P 0x7fbbd28bf008
P 0x7fbbd28c8f98
C 210
R
P 0x7fbbd28bf008
C 294
R
P 0x7fbbd28bf008
P 0x7fbbd28c8f98
C 209
R
P 0x7fbbd28bf008
C 294
R
P 0x7fbbd28bf008
P 0x7fbbd28c8f98
C 9
R
P 0x7fbbd28bf008
C 294
R
P 0x7fbbd28bf008
S "amount"
C 29
R
P 0x7fbbd28bf008
C 294
R
P 0x7fbbd28bf008
$ |amount|
P 0x7fbbd28c86d8
C 49
= 0x7fbbd28c8f98
R
P 0x7fbbd28bf008
C 294
R
P 0x7fbbd28bf008
P 0x7fbbd28c8f98
C 207
R
P 0x7fbbd28bf008
C 294
R
P 0x7fbbd28bf008
P 0x7fbbd28c8f98
C 204
= 0x7fbbd28c86d8
R
P 0x7fbbd28bf008
C 294
R
P 0x7fbbd28bf008
P 0x7fbbd28c86d8
C 165
R
P 0x7fbbd28bf008
C 294
R
P 0x7fbbd28bf008
P 0x7fbbd28c8f98
C 210
R
P 0x7fbbd28bf008
C 294
R
P 0x7fbbd28bf008
P 0x7fbbd28c8f98
C 209
R
P 0x7fbbd28bf008
C 294
R
P 0x7fbbd28bf008
P 0x7fbbd28c8f98
C 9
R
P 0x7fbbd28bf008
C 294
R
P 0x7fbbd28bf008
S "balance"
C 29
R
P 0x7fbbd28bf008
C 294
R
P 0x7fbbd28bf008
$ |balance|
P 0x7fbbd28c86d8
C 49
= 0x7fbbd28c8f78
R
P 0x7fbbd28bf008
C 294
R
P 0x7fbbd28bf008
P 0x7fbbd28c8f78
C 207
R
P 0x7fbbd28bf008
C 294
R
P 0x7fbbd28bf008
P 0x7fbbd28c8f78
C 204
= 0x7fbbd28c86d8
R
P 0x7fbbd28bf008
C 294
R
P 0x7fbbd28bf008
P 0x7fbbd28c86d8
C 165
R
P 0x7fbbd28bf008
C 294
R
P 0x7fbbd28bf008
P 0x7fbbd28c8f78
C 210
R
P 0x7fbbd28bf008
C 294
R
P 0x7fbbd28bf008
P 0x7fbbd28c8f78
C 209
R
P 0x7fbbd28bf008
C 294
R
P 0x7fbbd28bf008
P 0x7fbbd28c8f78
C 9
R
P 0x7fbbd28bf008
C 294
R
P 0x7fbbd28bf008
S "balance"
C 29
R
P 0x7fbbd28bf008
C 294
R
P 0x7fbbd28bf008
$ |balance|
P 0x7fbbd28c86d8
C 49
= 0x7fbbd28c8f78
R
P 0x7fbbd28bf008
C 294
R
P 0x7fbbd28bf008
P 0x7fbbd28c8f78
C 207
R
P 0x7fbbd28bf008
C 294
R
P 0x7fbbd28bf008
P 0x7fbbd28c8f78
C 204
= 0x7fbbd28c86d8
R
P 0x7fbbd28bf008
C 294
R
P 0x7fbbd28bf008
P 0x7fbbd28c86d8
C 165
R
P 0x7fbbd28bf008
C 294
R
P 0x7fbbd28bf008
P 0x7fbbd28c8f78
C 210
R
P 0x7fbbd28bf008
C 294
R
P 0x7fbbd28bf008
P 0x7fbbd28c8f78
C 209
R
P 0x7fbbd28bf008
C 294
R
P 0x7fbbd28bf008
P 0x7fbbd28c8f78
C 9
R
P 0x7fbbd28bf008
C 294
R
P 0x7fbbd28bf008
S "token"
C 29
R
P 0x7fbbd28bf008
C 294
R
P 0x7fbbd28bf008
$ |token|
P 0x7fbbd28c8618
C 49
= 0x7fbbd28c8fb8
R
P 0x7fbbd28bf008
C 294
R
P 0x7fbbd28bf008
P 0x7fbbd28c8fb8
C 207
R
P 0x7fbbd28bf008
C 294
R
P 0x7fbbd28bf008
P 0x7fbbd28c8fb8
C 204
= 0x7fbbd28c8618
R
P 0x7fbbd28bf008
C 294
R
P 0x7fbbd28bf008
P 0x7fbbd28c8618
C 165
R
P 0x7fbbd28bf008
C 294
R
P 0x7fbbd28bf008
P 0x7fbbd28c8fb8
C 210
R
P 0x7fbbd28bf008
C 294
R
P 0x7fbbd28bf008
P 0x7fbbd28c8fb8
C 209
R
P 0x7fbbd28bf008
C 294
R
P 0x7fbbd28bf008
P 0x7fbbd28c8fb8
C 9
R
P 0x7fbbd28bf008
C 294
R
P 0x7fbbd28bf008
S "token"
C 29
R
P 0x7fbbd28bf008
C 294
R
P 0x7fbbd28bf008
$ |token|
P 0x7fbbd28c8618
C 49
= 0x7fbbd28c8fb8
R
P 0x7fbbd28bf008
C 294
R
P 0x7fbbd28bf008
P 0x7fbbd28c8fb8
C 207
R
P 0x7fbbd28bf008
C 294
R
P 0x7fbbd28bf008
P 0x7fbbd28c8fb8
C 204
= 0x7fbbd28c8618
R
P 0x7fbbd28bf008
C 294
R
P 0x7fbbd28bf008
P 0x7fbbd28c8618
C 165
R
P 0x7fbbd28bf008
C 294
R
P 0x7fbbd28bf008
P 0x7fbbd28c8fb8
C 210
R
P 0x7fbbd28bf008
C 294
R
P 0x7fbbd28bf008
P 0x7fbbd28c8fb8
C 209
R
P 0x7fbbd28bf008
C 294
R
P 0x7fbbd28bf008
P 0x7fbbd28c8fb8
C 9
R
P 0x7fbbd28bf008
C 294
R
P 0x7fbbd28bf008
C 32
= 0x7fbbd28c86d8
R
P 0x7fbbd28bf008
C 294
R
P 0x7fbbd28bf008
P 0x7fbbd28c86d8
C 9
R
P 0x7fbbd28bf008
C 294
R
P 0x7fbbd28bf008
C 31
= 0x7fbbd28c8618
R
P 0x7fbbd28bf008
C 294
R
P 0x7fbbd28bf008
P 0x7fbbd28c8618
C 9
R
P 0x7fbbd28bf008
C 294
R
P 0x7fbbd28bf008
S "amount"
C 29
R
P 0x7fbbd28bf008
C 294
R
P 0x7fbbd28bf008
$ |amount|
P 0x7fbbd28c86d8
C 49
= 0x7fbbd28c8f98
R
P 0x7fbbd28bf008
C 294
R
P 0x7fbbd28bf008
P 0x7fbbd28c8f98
C 207
R
P 0x7fbbd28bf008
C 294
R
P 0x7fbbd28bf008
P 0x7fbbd28c8f98
C 204
= 0x7fbbd28c86d8
R
P 0x7fbbd28bf008
C 294
R
P 0x7fbbd28bf008
P 0x7fbbd28c86d8
C 165
R
P 0x7fbbd28bf008
C 294
R
P 0x7fbbd28bf008
P 0x7fbbd28c8f98
C 210
R
P 0x7fbbd28bf008
C 294
R
P 0x7fbbd28bf008
P 0x7fbbd28c8f98
C 209
R
P 0x7fbbd28bf008
C 294
R
P 0x7fbbd28bf008
P 0x7fbbd28c8f98
C 9
R
P 0x7fbbd28bf008
C 294
R
P 0x7fbbd28bf008
S "amount"
C 29
R
P 0x7fbbd28bf008
C 294
R
P 0x7fbbd28bf008
$ |amount|
P 0x7fbbd28c86d8
C 49
= 0x7fbbd28c8f98
R
P 0x7fbbd28bf008
C 294
R
P 0x7fbbd28bf008
P 0x7fbbd28c8f98
C 207
R
P 0x7fbbd28bf008
C 294
R
P 0x7fbbd28bf008
P 0x7fbbd28c8f98
C 204
= 0x7fbbd28c86d8
R
P 0x7fbbd28bf008
C 294
R
P 0x7fbbd28bf008
P 0x7fbbd28c86d8
C 165
R
P 0x7fbbd28bf008
C 294
R
P 0x7fbbd28bf008
P 0x7fbbd28c8f98
C 210
R
P 0x7fbbd28bf008
C 294
R
P 0x7fbbd28bf008
P 0x7fbbd28c8f98
C 209
R
P 0x7fbbd28bf008
C 294
R
P 0x7fbbd28bf008
P 0x7fbbd28c8f98
C 9
R
P 0x7fbbd28bf008
C 294
R
P 0x7fbbd28bf008
S "balance"
C 29
R
P 0x7fbbd28bf008
C 294
R
P 0x7fbbd28bf008
$ |balance|
P 0x7fbbd28c86d8
C 49
= 0x7fbbd28c8f78
R
P 0x7fbbd28bf008
C 294
R
P 0x7fbbd28bf008
P 0x7fbbd28c8f78
C 207
R
P 0x7fbbd28bf008
C 294
R
P 0x7fbbd28bf008
P 0x7fbbd28c8f78
C 204
= 0x7fbbd28c86d8
R
P 0x7fbbd28bf008
C 294
R
P 0x7fbbd28bf008
P 0x7fbbd28c86d8
C 165
R
P 0x7fbbd28bf008
C 294
R
P 0x7fbbd28bf008
P 0x7fbbd28c8f78
C 210
R
P 0x7fbbd28bf008
C 294
R
P 0x7fbbd28bf008
P 0x7fbbd28c8f78
C 209
R
P 0x7fbbd28bf008
C 294
R
P 0x7fbbd28bf008
P 0x7fbbd28c8f78
C 9
R
P 0x7fbbd28bf008
C 294
R
P 0x7fbbd28bf008
S "balance"
C 29
R
P 0x7fbbd28bf008
C 294
R
P 0x7fbbd28bf008
$ |balance|
P 0x7fbbd28c86d8
C 49
= 0x7fbbd28c8f78
R
P 0x7fbbd28bf008
C 294
R
P 0x7fbbd28bf008
P 0x7fbbd28c8f78
C 207
R
P 0x7fbbd28bf008
C 294
R
P 0x7fbbd28bf008
P 0x7fbbd28c8f78
C 204
= 0x7fbbd28c86d8
R
P 0x7fbbd28bf008
C 294
R
P 0x7fbbd28bf008
P 0x7fbbd28c86d8
C 165
R
P 0x7fbbd28bf008
C 294
R
P 0x7fbbd28bf008
P 0x7fbbd28c8f78
C 210
R
P 0x7fbbd28bf008
C 294
R
P 0x7fbbd28bf008
P 0x7fbbd28c8f78
C 209
R
P 0x7fbbd28bf008
C 294
R
P 0x7fbbd28bf008
P 0x7fbbd28c8f78
C 9
R
P 0x7fbbd28bf008
C 294
R
P 0x7fbbd28bf008
S "token"
C 29
R
P 0x7fbbd28bf008
C 294
R
P 0x7fbbd28bf008
$ |token|
P 0x7fbbd28c8618
C 49
= 0x7fbbd28c8fb8
R
P 0x7fbbd28bf008
C 294
R
P 0x7fbbd28bf008
P 0x7fbbd28c8fb8
C 207
R
P 0x7fbbd28bf008
C 294
R
P 0x7fbbd28bf008
P 0x7fbbd28c8fb8
C 204
= 0x7fbbd28c8618
R
P 0x7fbbd28bf008
C 294
R
P 0x7fbbd28bf008
P 0x7fbbd28c8618
C 165
R
P 0x7fbbd28bf008
C 294
R
P 0x7fbbd28bf008
P 0x7fbbd28c8fb8
C 210
R
P 0x7fbbd28bf008
C 294
R
P 0x7fbbd28bf008
P 0x7fbbd28c8fb8
C 209
R
P 0x7fbbd28bf008
C 294
R
P 0x7fbbd28bf008
P 0x7fbbd28c8fb8
C 9
R
P 0x7fbbd28bf008
C 294
R
P 0x7fbbd28bf008
S "token"
C 29
R
P 0x7fbbd28bf008
C 294
R
P 0x7fbbd28bf008
$ |token|
P 0x7fbbd28c8618
C 49
= 0x7fbbd28c8fb8
R
P 0x7fbbd28bf008
C 294
R
P 0x7fbbd28bf008
P 0x7fbbd28c8fb8
C 207
R
P 0x7fbbd28bf008
C 294
R
P 0x7fbbd28bf008
P 0x7fbbd28c8fb8
C 204
= 0x7fbbd28c8618
R
P 0x7fbbd28bf008
C 294
R
P 0x7fbbd28bf008
P 0x7fbbd28c8618
C 165
R
P 0x7fbbd28bf008
C 294
R
P 0x7fbbd28bf008
P 0x7fbbd28c8fb8
C 210
R
P 0x7fbbd28bf008
C 294
R
P 0x7fbbd28bf008
P 0x7fbbd28c8fb8
C 209
R
P 0x7fbbd28bf008
C 294
R
P 0x7fbbd28bf008
P 0x7fbbd28c8fb8
C 9
R
P 0x7fbbd28bf008
C 294
R
P 0x7fbbd28bf008
C 32
= 0x7fbbd28c86d8
R
P 0x7fbbd28bf008
C 294
R
P 0x7fbbd28bf008
P 0x7fbbd28c86d8
C 9
R
P 0x7fbbd28bf008
C 294
R
P 0x7fbbd28bf008
C 31
= 0x7fbbd28c8618
R
P 0x7fbbd28bf008
C 294
R
P 0x7fbbd28bf008
P 0x7fbbd28c8618
C 9
R
P 0x7fbbd28bf008
C 294
R
P 0x7fbbd28bf008
C 32
= 0x7fbbd28c86d8
R
P 0x7fbbd28bf008
C 294
R
P 0x7fbbd28bf008
P 0x7fbbd28c86d8
C 9
R
P 0x7fbbd28bf008
C 294
R
P 0x7fbbd28bf008
S "0"
P 0x7fbbd28c86d8
C 142
= 0x7fbbd28c8fd8
R
P 0x7fbbd28bf008
C 294
R
P 0x7fbbd28bf008
P 0x7fbbd28c8fd8
C 9
R
P 0x7fbbd28bf008
C 294
R
P 0x7fbbd28bf008
P 0x7fbbd28c8f78
P 0x7fbbd28c8fd8
C 74
= 0x7fbbd28cf1c8
R
P 0x7fbbd28bf008
C 294
R
P 0x7fbbd28bf008
P 0x7fbbd28cf1c8
C 9
R
P 0x7fbbd28bf008
C 294
R
P 0x7fbbd28bf008
C 32
= 0x7fbbd28c86d8
R
P 0x7fbbd28bf008
C 294
R
P 0x7fbbd28bf008
P 0x7fbbd28c86d8
C 9
R
P 0x7fbbd28bf008
C 294
R
P 0x7fbbd28bf008
C 31
= 0x7fbbd28c8618
R
P 0x7fbbd28bf008
C 294
R
P 0x7fbbd28bf008
P 0x7fbbd28c8618
C 9
R
P 0x7fbbd28bf008
C 294
R
P 0x7fbbd28bf008
S "0"
P 0x7fbbd28c86d8
C 142
= 0x7fbbd28c8fd8
R
P 0x7fbbd28bf008
C 294
R
P 0x7fbbd28bf008
P 0x7fbbd28c8fd8
C 9
R
P 0x7fbbd28bf008
C 294
R
P 0x7fbbd28bf008
P 0x7fbbd28c8f98
P 0x7fbbd28c8fd8
C 74
= 0x7fbbd28cf200
R
P 0x7fbbd28bf008
C 294
R
P 0x7fbbd28bf008
P 0x7fbbd28cf200
C 9
R
P 0x7fbbd28bf008
C 294
R
P 0x7fbbd28bf008
P 0x7fbbd28cf200
C 275
R
P 0x7fbbd28bf008
C 294
R
P 0x7fbbd28bf008
C 32
= 0x7fbbd28c86d8
R
P 0x7fbbd28bf008
C 294
R
P 0x7fbbd28bf008
P 0x7fbbd28c86d8
C 9
R
P 0x7fbbd28bf008
C 294
R
P 0x7fbbd28bf008
C 31
= 0x7fbbd28c8618
R
P 0x7fbbd28bf008
C 294
R
P 0x7fbbd28bf008
P 0x7fbbd28c8618
C 9
R
P 0x7fbbd28bf008
C 294
R
P 0x7fbbd28bf008
C 52
= 0x7fbbd28c8678
R
P 0x7fbbd28bf008
C 294
R
P 0x7fbbd28bf008
P 0x7fbbd28c8678
C 9
R
P 0x7fbbd28bf008
C 294
R
P 0x7fbbd28bf008
C 52
= 0x7fbbd28c8678
R
P 0x7fbbd28bf008
C 294
R
P 0x7fbbd28bf008
P 0x7fbbd28c8678
C 9
R
P 0x7fbbd28bf008
C 294
R
P 0x7fbbd28bf008
P 0x7fbbd28c8678
P 0x7fbbd28c8678
C 54
= 0x7fbbd28cf238
R
P 0x7fbbd28bf008
C 294
R
P 0x7fbbd28bf008
P 0x7fbbd28cf238
C 9
R
P 0x7fbbd28bf008
C 294
R
P 0x7fbbd28bf008
C 32
= 0x7fbbd28c86d8
R
P 0x7fbbd28bf008
C 294
R
P 0x7fbbd28bf008
P 0x7fbbd28c86d8
C 9
R
P 0x7fbbd28bf008
C 294
R
P 0x7fbbd28bf008
C 31
= 0x7fbbd28c8618
R
P 0x7fbbd28bf008
C 294
R
P 0x7fbbd28bf008
P 0x7fbbd28c8618
C 9
R
P 0x7fbbd28bf008
C 294
R
P 0x7fbbd28bf008
U 2
P 0x7fbbd28c8f78
P 0x7fbbd28c8f98
p 2
C 63
= 0x7fbbd28cf270
R
P 0x7fbbd28bf008
C 294
R
P 0x7fbbd28bf008
P 0x7fbbd28cf270
C 207
R
P 0x7fbbd28bf008
C 294
R
P 0x7fbbd28bf008
P 0x7fbbd28cf270
C 204
= 0x7fbbd28c86d8
R
P 0x7fbbd28bf008
C 294
R
P 0x7fbbd28bf008
P 0x7fbbd28c86d8
C 165
R
P 0x7fbbd28bf008
C 294
R
P 0x7fbbd28bf008
P 0x7fbbd28cf270
C 210
R
P 0x7fbbd28bf008
C 294
R
P 0x7fbbd28bf008
P 0x7fbbd28cf270
C 209
R
P 0x7fbbd28bf008
C 294
R
P 0x7fbbd28bf008
P 0x7fbbd28cf270
C 9
R
P 0x7fbbd28bf008
C 294
R
P 0x7fbbd28bf008
P 0x7fbbd28c8f78
C 204
= 0x7fbbd28c86d8
R
P 0x7fbbd28bf008
C 294
R
P 0x7fbbd28bf008
P 0x7fbbd28c86d8
C 165
R
P 0x7fbbd28bf008
C 294
R
P 0x7fbbd28bf008
P 0x7fbbd28c86d8
C 9
R
P 0x7fbbd28bf008
C 294
R
P 0x7fbbd28bf008
P 0x7fbbd28cf270
C 204
= 0x7fbbd28c86d8
R
P 0x7fbbd28bf008
C 294
R
P 0x7fbbd28bf008
P 0x7fbbd28c86d8
C 165
R
P 0x7fbbd28bf008
C 294
R
P 0x7fbbd28bf008
P 0x7fbbd28c86d8
C 9
R
P 0x7fbbd28bf008
C 294
R
P 0x7fbbd28bf008
C 31
= 0x7fbbd28c8618
R
P 0x7fbbd28bf008
C 294
R
P 0x7fbbd28bf008
P 0x7fbbd28c8618
C 9
R
P 0x7fbbd28bf008
C 294
R
P 0x7fbbd28bf008
S "token"
C 29
R
P 0x7fbbd28bf008
C 294
R
P 0x7fbbd28bf008
$ |token|
P 0x7fbbd28c8618
C 49
= 0x7fbbd28c8fb8
R
P 0x7fbbd28bf008
C 294
R
P 0x7fbbd28bf008
P 0x7fbbd28c8fb8
C 207
R
P 0x7fbbd28bf008
C 294
R
P 0x7fbbd28bf008
P 0x7fbbd28c8fb8
C 204
= 0x7fbbd28c8618
R
P 0x7fbbd28bf008
C 294
R
P 0x7fbbd28bf008
P 0x7fbbd28c8618
C 165
R
P 0x7fbbd28bf008
C 294
R
P 0x7fbbd28bf008
P 0x7fbbd28c8fb8
C 210
R
P 0x7fbbd28bf008
C 294
R
P 0x7fbbd28bf008
P 0x7fbbd28c8fb8
C 209
R
P 0x7fbbd28bf008
C 294
R
P 0x7fbbd28bf008
P 0x7fbbd28c8fb8
C 9
R
P 0x7fbbd28bf008
C 294
R
P 0x7fbbd28bf008
P 0x7fbbd28cf270
C 275
R
P 0x7fbbd28bf008
C 294
R
P 0x7fbbd28bf008
C 32
= 0x7fbbd28c86d8
R
P 0x7fbbd28bf008
C 294
R
P 0x7fbbd28bf008
P 0x7fbbd28c86d8
C 9
R
P 0x7fbbd28bf008
C 294
R
P 0x7fbbd28bf008
C 31
= 0x7fbbd28c8618
R
P 0x7fbbd28bf008
C 294
R
P 0x7fbbd28bf008
P 0x7fbbd28c8618
C 9
R
P 0x7fbbd28bf008
C 294
R
P 0x7fbbd28bf008
C 32
= 0x7fbbd28c86d8
R
P 0x7fbbd28bf008
C 294
R
P 0x7fbbd28bf008
P 0x7fbbd28c86d8
C 9
R
P 0x7fbbd28bf008
C 294
R
P 0x7fbbd28bf008
C 31
= 0x7fbbd28c8618
R
P 0x7fbbd28bf008
C 294
R
P 0x7fbbd28bf008
P 0x7fbbd28c8618
C 9
R
P 0x7fbbd28bf008
C 294
R
P 0x7fbbd28bf008
S "0"
P 0x7fbbd28c86d8
C 142
= 0x7fbbd28c8fd8
R
P 0x7fbbd28bf008
C 294
R
P 0x7fbbd28bf008
P 0x7fbbd28c8fd8
C 9
R
P 0x7fbbd28bf008
C 294
R
P 0x7fbbd28bf008
P 0x7fbbd28c8f98
P 0x7fbbd28c8fd8
C 74
= 0x7fbbd28cf200
R
P 0x7fbbd28bf008
C 294
R
P 0x7fbbd28bf008
P 0x7fbbd28cf200
C 9
R
P 0x7fbbd28bf008
C 294
R
P 0x7fbbd28bf008
P 0x7fbbd28cf200
C 275
R
P 0x7fbbd28bf008
C 294
R
P 0x7fbbd28bf008
P 0x7fbbd28cf200
P 0x7fbbd28cf200
C 59
= 0x7fbbd28cf2a8
R
P 0x7fbbd28bf008
C 294
R
P 0x7fbbd28bf008
P 0x7fbbd28cf2a8
C 9
R
P 0x7fbbd28bf008
C 294
R
P 0x7fbbd28bf008
P 0x7fbbd28cf2a8
C 56
= 0x7fbbd28caa88
R
P 0x7fbbd28bf008
C 294
R
P 0x7fbbd28bf008
P 0x7fbbd28caa88
C 9
R
P 0x7fbbd28bf008
C 294
R
P 0x7fbbd28bf008
P 0x7fbbd28caa88
C 275
R
P 0x7fbbd28bf008
C 294
R
P 0x7fbbd28bf008
C 410
= 0x7fbbd493b5a8
R
P 0x7fbbd28bf008
C 294
R
P 0x7fbbd28bf008
P 0x7fbbd493b5a8
C 417
R
P 0x7fbbd28bf008
C 294
R
P 0x7fbbd28bf008
P 0x7fbbd493b5a8
P 0x7fbbd28caa88
C 423
R
P 0x7fbbd28bf008
C 294
R
P 0x7fbbd28bf008
P 0x7fbbd493b5a8
C 426
R
P 0x7fbbd28bf008
C 294
R
P 0x7fbbd28bf008
C 410
= 0x7fbbd274d768
R
P 0x7fbbd28bf008
C 294
R
P 0x7fbbd28bf008
P 0x7fbbd274d768
C 417
R
P 0x7fbbd28bf008
C 294
R
P 0x7fbbd28bf008
P 0x7fbbd274d768
P 0x7fbbd28caa88
C 423
R
P 0x7fbbd28bf008
C 294
R
P 0x7fbbd28bf008
P 0x7fbbd274d768
C 426
R
P 0x7fbbd28bf008
C 294
R
P 0x7fbbd28bf008
C 32
= 0x7fbbd28c86d8
R
P 0x7fbbd28bf008
C 294
R
P 0x7fbbd28bf008
P 0x7fbbd28c86d8
C 9
R
P 0x7fbbd28bf008
C 294
R
P 0x7fbbd28bf008
C 31
= 0x7fbbd28c8618
R
P 0x7fbbd28bf008
C 294
R
P 0x7fbbd28bf008
P 0x7fbbd28c8618
C 9
R
P 0x7fbbd28bf008
C 294
R
P 0x7fbbd28bf008
S "amount"
C 29
R
P 0x7fbbd28bf008
C 294
R
P 0x7fbbd28bf008
$ |amount|
P 0x7fbbd28c86d8
C 49
= 0x7fbbd28c8f98
R
P 0x7fbbd28bf008
C 294
R
P 0x7fbbd28bf008
P 0x7fbbd28c8f98
C 207
R
P 0x7fbbd28bf008
C 294
R
P 0x7fbbd28bf008
P 0x7fbbd28c8f98
C 204
= 0x7fbbd28c86d8
R
P 0x7fbbd28bf008
C 294
R
P 0x7fbbd28bf008
P 0x7fbbd28c86d8
C 165
R
P 0x7fbbd28bf008
C 294
R
P 0x7fbbd28bf008
P 0x7fbbd28c8f98
C 210
R
P 0x7fbbd28bf008
C 294
R
P 0x7fbbd28bf008
P 0x7fbbd28c8f98
C 209
R
P 0x7fbbd28bf008
C 294
R
P 0x7fbbd28bf008
P 0x7fbbd28c8f98
C 9
R
P 0x7fbbd28bf008
C 294
R
P 0x7fbbd28bf008
S "amount"
C 29
R
P 0x7fbbd28bf008
C 294
R
P 0x7fbbd28bf008
$ |amount|
P 0x7fbbd28c86d8
C 49
= 0x7fbbd28c8f98
R
P 0x7fbbd28bf008
C 294
R
P 0x7fbbd28bf008
P 0x7fbbd28c8f98
C 207
R
P 0x7fbbd28bf008
C 294
R
P 0x7fbbd28bf008
P 0x7fbbd28c8f98
C 204
= 0x7fbbd28c86d8
R
P 0x7fbbd28bf008
C 294
R
P 0x7fbbd28bf008
P 0x7fbbd28c86d8
C 165
R
P 0x7fbbd28bf008
C 294
R
P 0x7fbbd28bf008
P 0x7fbbd28c8f98
C 210
R
P 0x7fbbd28bf008
C 294
R
P 0x7fbbd28bf008
P 0x7fbbd28c8f98
C 209
R
P 0x7fbbd28bf008
C 294
R
P 0x7fbbd28bf008
P 0x7fbbd28c8f98
C 9
R
P 0x7fbbd28bf008
C 294
R
P 0x7fbbd28bf008
S "balance"
C 29
R
P 0x7fbbd28bf008
C 294
R
P 0x7fbbd28bf008
$ |balance|
P 0x7fbbd28c86d8
C 49
= 0x7fbbd28c8f78
R
P 0x7fbbd28bf008
C 294
R
P 0x7fbbd28bf008
P 0x7fbbd28c8f78
C 207
R
P 0x7fbbd28bf008
C 294
R
P 0x7fbbd28bf008
P 0x7fbbd28c8f78
C 204
= 0x7fbbd28c86d8
R
P 0x7fbbd28bf008
C 294
R
P 0x7fbbd28bf008
P 0x7fbbd28c86d8
C 165
R
P 0x7fbbd28bf008
C 294
R
P 0x7fbbd28bf008
P 0x7fbbd28c8f78
C 210
R
P 0x7fbbd28bf008
C 294
R
P 0x7fbbd28bf008
P 0x7fbbd28c8f78
C 209
R
P 0x7fbbd28bf008
C 294
R
P 0x7fbbd28bf008
P 0x7fbbd28c8f78
C 9
R
P 0x7fbbd28bf008
C 294
R
P 0x7fbbd28bf008
S "balance"
C 29
R
P 0x7fbbd28bf008
C 294
R
P 0x7fbbd28bf008
$ |balance|
P 0x7fbbd28c86d8
C 49
= 0x7fbbd28c8f78
R
P 0x7fbbd28bf008
C 294
R
P 0x7fbbd28bf008
P 0x7fbbd28c8f78
C 207
R
P 0x7fbbd28bf008
C 294
R
P 0x7fbbd28bf008
P 0x7fbbd28c8f78
C 204
= 0x7fbbd28c86d8
R
P 0x7fbbd28bf008
C 294
R
P 0x7fbbd28bf008
P 0x7fbbd28c86d8
C 165
R
P 0x7fbbd28bf008
C 294
R
P 0x7fbbd28bf008
P 0x7fbbd28c8f78
C 210
R
P 0x7fbbd28bf008
C 294
R
P 0x7fbbd28bf008
P 0x7fbbd28c8f78
C 209
R
P 0x7fbbd28bf008
C 294
R
P 0x7fbbd28bf008
P 0x7fbbd28c8f78
C 9
R
P 0x7fbbd28bf008
C 294
R
P 0x7fbbd28bf008
S "token"
C 29
R
P 0x7fbbd28bf008
C 294
R
P 0x7fbbd28bf008
$ |token|
P 0x7fbbd28c8618
C 49
= 0x7fbbd28c8fb8
R
P 0x7fbbd28bf008
C 294
R
P 0x7fbbd28bf008
P 0x7fbbd28c8fb8
C 207
R
P 0x7fbbd28bf008
C 294
R
P 0x7fbbd28bf008
P 0x7fbbd28c8fb8
C 204
= 0x7fbbd28c8618
R
P 0x7fbbd28bf008
C 294
R
P 0x7fbbd28bf008
P 0x7fbbd28c8618
C 165
R
P 0x7fbbd28bf008
C 294
R
P 0x7fbbd28bf008
P 0x7fbbd28c8fb8
C 210
R
P 0x7fbbd28bf008
C 294
R
P 0x7fbbd28bf008
P 0x7fbbd28c8fb8
C 209
R
P 0x7fbbd28bf008
C 294
R
P 0x7fbbd28bf008
P 0x7fbbd28c8fb8
C 9
R
P 0x7fbbd28bf008
C 294
R
P 0x7fbbd28bf008
S "token"
C 29
R
P 0x7fbbd28bf008
C 294
R
P 0x7fbbd28bf008
$ |token|
P 0x7fbbd28c8618
C 49
= 0x7fbbd28c8fb8
R
P 0x7fbbd28bf008
C 294
R
P 0x7fbbd28bf008
P 0x7fbbd28c8fb8
C 207
R
P 0x7fbbd28bf008
C 294
R
P 0x7fbbd28bf008
P 0x7fbbd28c8fb8
C 204
= 0x7fbbd28c8618
R
P 0x7fbbd28bf008
C 294
R
P 0x7fbbd28bf008
P 0x7fbbd28c8618
C 165
R
P 0x7fbbd28bf008
C 294
R
P 0x7fbbd28bf008
P 0x7fbbd28c8fb8
C 210
R
P 0x7fbbd28bf008
C 294
R
P 0x7fbbd28bf008
P 0x7fbbd28c8fb8
C 209
R
P 0x7fbbd28bf008
C 294
R
P 0x7fbbd28bf008
P 0x7fbbd28c8fb8
C 9
R
P 0x7fbbd28bf008
C 294
R
P 0x7fbbd28bf008
C 32
= 0x7fbbd28c86d8
R
P 0x7fbbd28bf008
C 294
R
P 0x7fbbd28bf008
P 0x7fbbd28c86d8
C 9
R
P 0x7fbbd28bf008
C 294
R
P 0x7fbbd28bf008
C 31
= 0x7fbbd28c8618
R
P 0x7fbbd28bf008
C 294
R
P 0x7fbbd28bf008
P 0x7fbbd28c8618
C 9
R
P 0x7fbbd28bf008
C 294
R
P 0x7fbbd28bf008
S "amount"
C 29
R
P 0x7fbbd28bf008
C 294
R
P 0x7fbbd28bf008
$ |amount|
P 0x7fbbd28c86d8
C 49
= 0x7fbbd28c8f98
R
P 0x7fbbd28bf008
C 294
R
P 0x7fbbd28bf008
P 0x7fbbd28c8f98
C 207
R
P 0x7fbbd28bf008
C 294
R
P 0x7fbbd28bf008
P 0x7fbbd28c8f98
C 204
= 0x7fbbd28c86d8
R
P 0x7fbbd28bf008
C 294
R
P 0x7fbbd28bf008
P 0x7fbbd28c86d8
C 165
R
P 0x7fbbd28bf008
C 294
R
P 0x7fbbd28bf008
P 0x7fbbd28c8f98
C 210
R
P 0x7fbbd28bf008
C 294
R
P 0x7fbbd28bf008
P 0x7fbbd28c8f98
C 209
R
P 0x7fbbd28bf008
C 294
R
P 0x7fbbd28bf008
P 0x7fbbd28c8f98
C 9
R
P 0x7fbbd28bf008
C 294
R
P 0x7fbbd28bf008
S "amount"
C 29
R
P 0x7fbbd28bf008
C 294
R
P 0x7fbbd28bf008
$ |amount|
P 0x7fbbd28c86d8
C 49
= 0x7fbbd28c8f98
R
P 0x7fbbd28bf008
C 294
R
P 0x7fbbd28bf008
P 0x7fbbd28c8f98
C 207
R
P 0x7fbbd28bf008
C 294
R
P 0x7fbbd28bf008
P 0x7fbbd28c8f98
C 204
= 0x7fbbd28c86d8
R
P 0x7fbbd28bf008
C 294
R
P 0x7fbbd28bf008
P 0x7fbbd28c86d8
C 165
R
P 0x7fbbd28bf008
C 294
R
P 0x7fbbd28bf008
P 0x7fbbd28c8f98
C 210
R
P 0x7fbbd28bf008
C 294
R
P 0x7fbbd28bf008
P 0x7fbbd28c8f98
C 209
R
P 0x7fbbd28bf008
C 294
R
P 0x7fbbd28bf008
P 0x7fbbd28c8f98
C 9
R
P 0x7fbbd28bf008
C 294
R
P 0x7fbbd28bf008
S "balance"
C 29
R
P 0x7fbbd28bf008
C 294
R
P 0x7fbbd28bf008
$ |balance|
P 0x7fbbd28c86d8
C 49
= 0x7fbbd28c8f78
R
P 0x7fbbd28bf008
C 294
R
P 0x7fbbd28bf008
P 0x7fbbd28c8f78
C 207
R
P 0x7fbbd28bf008
C 294
R
P 0x7fbbd28bf008
P 0x7fbbd28c8f78
C 204
= 0x7fbbd28c86d8
R
P 0x7fbbd28bf008
C 294
R
P 0x7fbbd28bf008
P 0x7fbbd28c86d8
C 165
R
P 0x7fbbd28bf008
C 294
R
P 0x7fbbd28bf008
P 0x7fbbd28c8f78
C 210
R
P 0x7fbbd28bf008
C 294
R
P 0x7fbbd28bf008
P 0x7fbbd28c8f78
C 209
R
P 0x7fbbd28bf008
C 294
R
P 0x7fbbd28bf008
P 0x7fbbd28c8f78
C 9
R
P 0x7fbbd28bf008
C 294
R
P 0x7fbbd28bf008
S "balance"
C 29
R
P 0x7fbbd28bf008
C 294
R
P 0x7fbbd28bf008
$ |balance|
P 0x7fbbd28c86d8
C 49
= 0x7fbbd28c8f78
R
P 0x7fbbd28bf008
C 294
R
P 0x7fbbd28bf008
P 0x7fbbd28c8f78
C 207
R
P 0x7fbbd28bf008
C 294
R
P 0x7fbbd28bf008
P 0x7fbbd28c8f78
C 204
= 0x7fbbd28c86d8
R
P 0x7fbbd28bf008
C 294
R
P 0x7fbbd28bf008
P 0x7fbbd28c86d8
C 165
R
P 0x7fbbd28bf008
C 294
R
P 0x7fbbd28bf008
P 0x7fbbd28c8f78
C 210
R
P 0x7fbbd28bf008
C 294
R
P 0x7fbbd28bf008
P 0x7fbbd28c8f78
C 209
R
P 0x7fbbd28bf008
C 294
R
P 0x7fbbd28bf008
P 0x7fbbd28c8f78
C 9
R
P 0x7fbbd28bf008
C 294
R
P 0x7fbbd28bf008
S "token"
C 29
R
P 0x7fbbd28bf008
C 294
R
P 0x7fbbd28bf008
$ |token|
P 0x7fbbd28c8618
C 49
= 0x7fbbd28c8fb8
R
P 0x7fbbd28bf008
C 294
R
P 0x7fbbd28bf008
P 0x7fbbd28c8fb8
C 207
R
P 0x7fbbd28bf008
C 294
R
P 0x7fbbd28bf008
P 0x7fbbd28c8fb8
C 204
= 0x7fbbd28c8618
R
P 0x7fbbd28bf008
C 294
R
P 0x7fbbd28bf008
P 0x7fbbd28c8618
C 165
R
P 0x7fbbd28bf008
C 294
R
P 0x7fbbd28bf008
P 0x7fbbd28c8fb8
C 210
R
P 0x7fbbd28bf008
C 294
R
P 0x7fbbd28bf008
P 0x7fbbd28c8fb8
C 209
R
P 0x7fbbd28bf008
C 294
R
P 0x7fbbd28bf008
P 0x7fbbd28c8fb8
C 9
R
P 0x7fbbd28bf008
C 294
R
P 0x7fbbd28bf008
S "token"
C 29
R
P 0x7fbbd28bf008
C 294
R
P 0x7fbbd28bf008
$ |token|
P 0x7fbbd28c8618
C 49
= 0x7fbbd28c8fb8
R
P 0x7fbbd28bf008
C 294
R
P 0x7fbbd28bf008
P 0x7fbbd28c8fb8
C 207
R
P 0x7fbbd28bf008
C 294
R
P 0x7fbbd28bf008
P 0x7fbbd28c8fb8
C 204
= 0x7fbbd28c8618
R
P 0x7fbbd28bf008
C 294
R
P 0x7fbbd28bf008
P 0x7fbbd28c8618
C 165
R
P 0x7fbbd28bf008
C 294
R
P 0x7fbbd28bf008
P 0x7fbbd28c8fb8
C 210
R
P 0x7fbbd28bf008
C 294
R
P 0x7fbbd28bf008
P 0x7fbbd28c8fb8
C 209
R
P 0x7fbbd28bf008
C 294
R
P 0x7fbbd28bf008
P 0x7fbbd28c8fb8
C 9
R
P 0x7fbbd28bf008
C 294
R
P 0x7fbbd28bf008
C 32
= 0x7fbbd28c86d8
R
P 0x7fbbd28bf008
C 294
R
P 0x7fbbd28bf008
P 0x7fbbd28c86d8
C 9
R
P 0x7fbbd28bf008
C 294
R
P 0x7fbbd28bf008
C 31
= 0x7fbbd28c8618
R
P 0x7fbbd28bf008
C 294
R
P 0x7fbbd28bf008
P 0x7fbbd28c8618
C 9
R
P 0x7fbbd28bf008
C 294
R
P 0x7fbbd28bf008
S "0"
P 0x7fbbd28c86d8
C 142
= 0x7fbbd28c8fd8
R
P 0x7fbbd28bf008
C 294
R
P 0x7fbbd28bf008
P 0x7fbbd28c8fd8
C 9
R
P 0x7fbbd28bf008
C 294
R
P 0x7fbbd28bf008
P 0x7fbbd28c8f78
P 0x7fbbd28c8fd8
C 74
= 0x7fbbd28cf1c8
R
P 0x7fbbd28bf008
C 294
R
P 0x7fbbd28bf008
P 0x7fbbd28cf1c8
C 9
R
P 0x7fbbd28bf008
C 294
R
P 0x7fbbd28bf008
C 32
= 0x7fbbd28c86d8
R
P 0x7fbbd28bf008
C 294
R
P 0x7fbbd28bf008
P 0x7fbbd28c86d8
C 9
R
P 0x7fbbd28bf008
C 294
R
P 0x7fbbd28bf008
C 31
= 0x7fbbd28c8618
R
P 0x7fbbd28bf008
C 294
R
P 0x7fbbd28bf008
P 0x7fbbd28c8618
C 9
R
P 0x7fbbd28bf008
C 294
R
P 0x7fbbd28bf008
S "0"
P 0x7fbbd28c86d8
C 142
= 0x7fbbd28c8fd8
R
P 0x7fbbd28bf008
C 294
R
P 0x7fbbd28bf008
P 0x7fbbd28c8fd8
C 9
R
P 0x7fbbd28bf008
C 294
R
P 0x7fbbd28bf008
P 0x7fbbd28c8f98
P 0x7fbbd28c8fd8
C 74
= 0x7fbbd28cf200
R
P 0x7fbbd28bf008
C 294
R
P 0x7fbbd28bf008
P 0x7fbbd28cf200
C 9
R
P 0x7fbbd28bf008
C 294
R
P 0x7fbbd28bf008
P 0x7fbbd28cf200
C 275
R
P 0x7fbbd28bf008
C 294
R
P 0x7fbbd28bf008
C 32
= 0x7fbbd28c86d8
R
P 0x7fbbd28bf008
C 294
R
P 0x7fbbd28bf008
P 0x7fbbd28c86d8
C 9
R
P 0x7fbbd28bf008
C 294
R
P 0x7fbbd28bf008
C 31
= 0x7fbbd28c8618
R
P 0x7fbbd28bf008
C 294
R
P 0x7fbbd28bf008
P 0x7fbbd28c8618
C 9
R
P 0x7fbbd28bf008
C 294
R
P 0x7fbbd28bf008
C 52
= 0x7fbbd28c8678
R
P 0x7fbbd28bf008
C 294
R
P 0x7fbbd28bf008
P 0x7fbbd28c8678
C 9
R
P 0x7fbbd28bf008
C 294
R
P 0x7fbbd28bf008
C 52
= 0x7fbbd28c8678
R
P 0x7fbbd28bf008
C 294
R
P 0x7fbbd28bf008
P 0x7fbbd28c8678
C 9
R
P 0x7fbbd28bf008
C 294
R
P 0x7fbbd28bf008
P 0x7fbbd28c8678
P 0x7fbbd28c8678
C 54
= 0x7fbbd28cf238
R
P 0x7fbbd28bf008
C 294
R
P 0x7fbbd28bf008
P 0x7fbbd28cf238
C 9
R
P 0x7fbbd28bf008
C 294
R
P 0x7fbbd28bf008
C 32
= 0x7fbbd28c86d8
R
P 0x7fbbd28bf008
C 294
R
P 0x7fbbd28bf008
P 0x7fbbd28c86d8
C 9
R
P 0x7fbbd28bf008
C 294
R
P 0x7fbbd28bf008
C 31
= 0x7fbbd28c8618
R
P 0x7fbbd28bf008
C 294
R
P 0x7fbbd28bf008
P 0x7fbbd28c8618
C 9
R
P 0x7fbbd28bf008
C 294
R
P 0x7fbbd28bf008
U 2
P 0x7fbbd28c8f78
P 0x7fbbd28c8f98
p 2
C 65
= 0x7fbbd28cf350
R
P 0x7fbbd28bf008
C 294
R
P 0x7fbbd28bf008
P 0x7fbbd28cf350
C 207
R
P 0x7fbbd28bf008
C 294
R
P 0x7fbbd28bf008
P 0x7fbbd28cf350
C 204
= 0x7fbbd28c86d8
R
P 0x7fbbd28bf008
C 294
R
P 0x7fbbd28bf008
P 0x7fbbd28c86d8
C 165
R
P 0x7fbbd28bf008
C 294
R
P 0x7fbbd28bf008
P 0x7fbbd28cf350
C 210
R
P 0x7fbbd28bf008
C 294
R
P 0x7fbbd28bf008
P 0x7fbbd28cf350
C 209
R
P 0x7fbbd28bf008
C 294
R
P 0x7fbbd28bf008
P 0x7fbbd28cf350
C 9
R
P 0x7fbbd28bf008
C 294
R
P 0x7fbbd28bf008
P 0x7fbbd28c8f78
C 204
= 0x7fbbd28c86d8
R
P 0x7fbbd28bf008
C 294
R
P 0x7fbbd28bf008
P 0x7fbbd28c86d8
C 165
R
P 0x7fbbd28bf008
C 294
R
P 0x7fbbd28bf008
P 0x7fbbd28c86d8
C 9
R
P 0x7fbbd28bf008
C 294
R
P 0x7fbbd28bf008
P 0x7fbbd28cf350
C 204
= 0x7fbbd28c86d8
R
P 0x7fbbd28bf008
C 294
R
P 0x7fbbd28bf008
P 0x7fbbd28c86d8
C 165
R
P 0x7fbbd28bf008
C 294
R
P 0x7fbbd28bf008
P 0x7fbbd28c86d8
C 9
R
P 0x7fbbd28bf008
C 294
R
P 0x7fbbd28bf008
C 31
= 0x7fbbd28c8618
R
P 0x7fbbd28bf008
C 294
R
P 0x7fbbd28bf008
P 0x7fbbd28c8618
C 9
R
P 0x7fbbd28bf008
C 294
R
P 0x7fbbd28bf008
S "token"
C 29
R
P 0x7fbbd28bf008
C 294
R
P 0x7fbbd28bf008
$ |token|
P 0x7fbbd28c8618
C 49
= 0x7fbbd28c8fb8
R
P 0x7fbbd28bf008
C 294
R
P 0x7fbbd28bf008
P 0x7fbbd28c8fb8
C 207
R
P 0x7fbbd28bf008
C 294
R
P 0x7fbbd28bf008
P 0x7fbbd28c8fb8
C 204
= 0x7fbbd28c8618
R
P 0x7fbbd28bf008
C 294
R
P 0x7fbbd28bf008
P 0x7fbbd28c8618
C 165
R
P 0x7fbbd28bf008
C 294
R
P 0x7fbbd28bf008
P 0x7fbbd28c8fb8
C 210
R
P 0x7fbbd28bf008
C 294
R
P 0x7fbbd28bf008
P 0x7fbbd28c8fb8
C 209
R
P 0x7fbbd28bf008
C 294
R
P 0x7fbbd28bf008
P 0x7fbbd28c8fb8
C 9
R
P 0x7fbbd28bf008
C 294
R
P 0x7fbbd28bf008
P 0x7fbbd28cf350
C 275
R
P 0x7fbbd28bf008
C 294
R
P 0x7fbbd28bf008
C 32
= 0x7fbbd28c86d8
R
P 0x7fbbd28bf008
C 294
R
P 0x7fbbd28bf008
P 0x7fbbd28c86d8
C 9
R
P 0x7fbbd28bf008
C 294
R
P 0x7fbbd28bf008
C 31
= 0x7fbbd28c8618
R
P 0x7fbbd28bf008
C 294
R
P 0x7fbbd28bf008
P 0x7fbbd28c8618
C 9
R
P 0x7fbbd28bf008
C 294
R
P 0x7fbbd28bf008
C 32
= 0x7fbbd28c86d8
R
P 0x7fbbd28bf008
C 294
R
P 0x7fbbd28bf008
P 0x7fbbd28c86d8
C 9
R
P 0x7fbbd28bf008
C 294
R
P 0x7fbbd28bf008
C 31
= 0x7fbbd28c8618
R
P 0x7fbbd28bf008
C 294
R
P 0x7fbbd28bf008
P 0x7fbbd28c8618
C 9
R
P 0x7fbbd28bf008
C 294
R
P 0x7fbbd28bf008
S "0"
P 0x7fbbd28c86d8
C 142
= 0x7fbbd28c8fd8
R
P 0x7fbbd28bf008
C 294
R
P 0x7fbbd28bf008
P 0x7fbbd28c8fd8
C 9
R
P 0x7fbbd28bf008
C 294
R
P 0x7fbbd28bf008
P 0x7fbbd28c8f98
P 0x7fbbd28c8fd8
C 74
= 0x7fbbd28cf200
R
P 0x7fbbd28bf008
C 294
R
P 0x7fbbd28bf008
P 0x7fbbd28cf200
C 9
R
P 0x7fbbd28bf008
C 294
R
P 0x7fbbd28bf008
P 0x7fbbd28cf200
C 275
R
P 0x7fbbd28bf008
C 294
R
P 0x7fbbd28bf008
P 0x7fbbd28cf200
P 0x7fbbd28cf200
C 59
= 0x7fbbd28cf2a8
R
P 0x7fbbd28bf008
C 294
R
P 0x7fbbd28bf008
P 0x7fbbd28cf2a8
C 9
R
P 0x7fbbd28bf008
C 294
R
P 0x7fbbd28bf008
P 0x7fbbd28cf2a8
C 56
= 0x7fbbd28caa88
R
P 0x7fbbd28bf008
C 294
R
P 0x7fbbd28bf008
P 0x7fbbd28caa88
C 9
R
P 0x7fbbd28bf008
C 294
R
P 0x7fbbd28bf008
P 0x7fbbd28caa88
C 275
R
P 0x7fbbd28bf008
C 294
R
P 0x7fbbd28bf008
C 410
= 0x7fbbd27ab7e8
R
P 0x7fbbd28bf008
C 294
R
P 0x7fbbd28bf008
P 0x7fbbd27ab7e8
C 417
R
P 0x7fbbd28bf008
C 294
R
P 0x7fbbd28bf008
P 0x7fbbd27ab7e8
P 0x7fbbd28caa88
C 423
R
P 0x7fbbd28bf008
C 294
R
P 0x7fbbd28bf008
P 0x7fbbd27ab7e8
C 426
R
P 0x7fbbd28bf008
C 294
R
P 0x7fbbd28bf008
C 410
= 0x7fbbd4c68318
R
P 0x7fbbd28bf008
C 294
R
P 0x7fbbd28bf008
P 0x7fbbd4c68318
C 417
R
P 0x7fbbd28bf008
C 294
R
P 0x7fbbd28bf008
P 0x7fbbd4c68318
P 0x7fbbd28caa88
C 423
R
P 0x7fbbd28bf008
C 294
R
P 0x7fbbd28bf008
P 0x7fbbd4c68318
C 426
R
P 0x7fbbd28bf008
C 294
R
P 0x7fbbd28bf008
C 32
= 0x7fbbd28c86d8
R
P 0x7fbbd28bf008
C 294
R
P 0x7fbbd28bf008
P 0x7fbbd28c86d8
C 9
R
P 0x7fbbd28bf008
C 294
R
P 0x7fbbd28bf008
C 31
= 0x7fbbd28c8618
R
P 0x7fbbd28bf008
C 294
R
P 0x7fbbd28bf008
P 0x7fbbd28c8618
C 9
R
P 0x7fbbd28bf008
C 294
R
P 0x7fbbd28bf008
S "amount"
C 29
R
P 0x7fbbd28bf008
C 294
R
P 0x7fbbd28bf008
$ |amount|
P 0x7fbbd28c86d8
C 49
= 0x7fbbd28c8f98
R
P 0x7fbbd28bf008
C 294
R
P 0x7fbbd28bf008
P 0x7fbbd28c8f98
C 207
R
P 0x7fbbd28bf008
C 294
R
P 0x7fbbd28bf008
P 0x7fbbd28c8f98
C 204
= 0x7fbbd28c86d8
R
P 0x7fbbd28bf008
C 294
R
P 0x7fbbd28bf008
P 0x7fbbd28c86d8
C 165
R
P 0x7fbbd28bf008
C 294
R
P 0x7fbbd28bf008
P 0x7fbbd28c8f98
C 210
R
P 0x7fbbd28bf008
C 294
R
P 0x7fbbd28bf008
P 0x7fbbd28c8f98
C 209
R
P 0x7fbbd28bf008
C 294
R
P 0x7fbbd28bf008
P 0x7fbbd28c8f98
C 9
R
P 0x7fbbd28bf008
C 294
R
P 0x7fbbd28bf008
S "amount"
C 29
R
P 0x7fbbd28bf008
C 294
R
P 0x7fbbd28bf008
$ |amount|
P 0x7fbbd28c86d8
C 49
= 0x7fbbd28c8f98
R
P 0x7fbbd28bf008
C 294
R
P 0x7fbbd28bf008
P 0x7fbbd28c8f98
C 207
R
P 0x7fbbd28bf008
C 294
R
P 0x7fbbd28bf008
P 0x7fbbd28c8f98
C 204
= 0x7fbbd28c86d8
R
P 0x7fbbd28bf008
C 294
R
P 0x7fbbd28bf008
P 0x7fbbd28c86d8
C 165
R
P 0x7fbbd28bf008
C 294
R
P 0x7fbbd28bf008
P 0x7fbbd28c8f98
C 210
R
P 0x7fbbd28bf008
C 294
R
P 0x7fbbd28bf008
P 0x7fbbd28c8f98
C 209
R
P 0x7fbbd28bf008
C 294
R
P 0x7fbbd28bf008
P 0x7fbbd28c8f98
C 9
R
P 0x7fbbd28bf008
C 294
R
P 0x7fbbd28bf008
S "balance"
C 29
R
P 0x7fbbd28bf008
C 294
R
P 0x7fbbd28bf008
$ |balance|
P 0x7fbbd28c86d8
C 49
= 0x7fbbd28c8f78
R
P 0x7fbbd28bf008
C 294
R
P 0x7fbbd28bf008
P 0x7fbbd28c8f78
C 207
R
P 0x7fbbd28bf008
C 294
R
P 0x7fbbd28bf008
P 0x7fbbd28c8f78
C 204
= 0x7fbbd28c86d8
R
P 0x7fbbd28bf008
C 294
R
P 0x7fbbd28bf008
P 0x7fbbd28c86d8
C 165
R
P 0x7fbbd28bf008
C 294
R
P 0x7fbbd28bf008
P 0x7fbbd28c8f78
C 210
R
P 0x7fbbd28bf008
C 294
R
P 0x7fbbd28bf008
P 0x7fbbd28c8f78
C 209
R
P 0x7fbbd28bf008
C 294
R
P 0x7fbbd28bf008
P 0x7fbbd28c8f78
C 9
R
P 0x7fbbd28bf008
C 294
R
P 0x7fbbd28bf008
S "balance"
C 29
R
P 0x7fbbd28bf008
C 294
R
P 0x7fbbd28bf008
$ |balance|
P 0x7fbbd28c86d8
C 49
= 0x7fbbd28c8f78
R
P 0x7fbbd28bf008
C 294
R
P 0x7fbbd28bf008
P 0x7fbbd28c8f78
C 207
R
P 0x7fbbd28bf008
C 294
R
P 0x7fbbd28bf008
P 0x7fbbd28c8f78
C 204
= 0x7fbbd28c86d8
R
P 0x7fbbd28bf008
C 294
R
P 0x7fbbd28bf008
P 0x7fbbd28c86d8
C 165
R
P 0x7fbbd28bf008
C 294
R
P 0x7fbbd28bf008
P 0x7fbbd28c8f78
C 210
R
P 0x7fbbd28bf008
C 294
R
P 0x7fbbd28bf008
P 0x7fbbd28c8f78
C 209
R
P 0x7fbbd28bf008
C 294
R
P 0x7fbbd28bf008
P 0x7fbbd28c8f78
C 9
R
P 0x7fbbd28bf008
C 294
R
P 0x7fbbd28bf008
S "token"
C 29
R
P 0x7fbbd28bf008
C 294
R
P 0x7fbbd28bf008
$ |token|
P 0x7fbbd28c8618
C 49
= 0x7fbbd28c8fb8
R
P 0x7fbbd28bf008
C 294
R
P 0x7fbbd28bf008
P 0x7fbbd28c8fb8
C 207
R
P 0x7fbbd28bf008
C 294
R
P 0x7fbbd28bf008
P 0x7fbbd28c8fb8
C 204
= 0x7fbbd28c8618
R
P 0x7fbbd28bf008
C 294
R
P 0x7fbbd28bf008
P 0x7fbbd28c8618
C 165
R
P 0x7fbbd28bf008
C 294
R
P 0x7fbbd28bf008
P 0x7fbbd28c8fb8
C 210
R
P 0x7fbbd28bf008
C 294
R
P 0x7fbbd28bf008
P 0x7fbbd28c8fb8
C 209
R
P 0x7fbbd28bf008
C 294
R
P 0x7fbbd28bf008
P 0x7fbbd28c8fb8
C 9
R
P 0x7fbbd28bf008
C 294
R
P 0x7fbbd28bf008
S "token"
C 29
R
P 0x7fbbd28bf008
C 294
R
P 0x7fbbd28bf008
$ |token|
P 0x7fbbd28c8618
C 49
= 0x7fbbd28c8fb8
R
P 0x7fbbd28bf008
C 294
R
P 0x7fbbd28bf008
P 0x7fbbd28c8fb8
C 207
R
P 0x7fbbd28bf008
C 294
R
P 0x7fbbd28bf008
P 0x7fbbd28c8fb8
C 204
= 0x7fbbd28c8618
R
P 0x7fbbd28bf008
C 294
R
P 0x7fbbd28bf008
P 0x7fbbd28c8618
C 165
R
P 0x7fbbd28bf008
C 294
R
P 0x7fbbd28bf008
P 0x7fbbd28c8fb8
C 210
R
P 0x7fbbd28bf008
C 294
R
P 0x7fbbd28bf008
P 0x7fbbd28c8fb8
C 209
R
P 0x7fbbd28bf008
C 294
R
P 0x7fbbd28bf008
P 0x7fbbd28c8fb8
C 9
R
P 0x7fbbd28bf008
C 294
R
P 0x7fbbd28bf008
C 32
= 0x7fbbd28c86d8
R
P 0x7fbbd28bf008
C 294
R
P 0x7fbbd28bf008
P 0x7fbbd28c86d8
C 9
R
P 0x7fbbd28bf008
C 294
R
P 0x7fbbd28bf008
C 31
= 0x7fbbd28c8618
R
P 0x7fbbd28bf008
C 294
R
P 0x7fbbd28bf008
P 0x7fbbd28c8618
C 9
R
P 0x7fbbd28bf008
C 294
R
P 0x7fbbd28bf008
S "amount"
C 29
R
P 0x7fbbd28bf008
C 294
R
P 0x7fbbd28bf008
$ |amount|
P 0x7fbbd28c86d8
C 49
= 0x7fbbd28c8f98
R
P 0x7fbbd28bf008
C 294
R
P 0x7fbbd28bf008
P 0x7fbbd28c8f98
C 207
R
P 0x7fbbd28bf008
C 294
R
P 0x7fbbd28bf008
P 0x7fbbd28c8f98
C 204
= 0x7fbbd28c86d8
R
P 0x7fbbd28bf008
C 294
R
P 0x7fbbd28bf008
P 0x7fbbd28c86d8
C 165
R
P 0x7fbbd28bf008
C 294
R
P 0x7fbbd28bf008
P 0x7fbbd28c8f98
C 210
R
P 0x7fbbd28bf008
C 294
R
P 0x7fbbd28bf008
P 0x7fbbd28c8f98
C 209
R
P 0x7fbbd28bf008
C 294
R
P 0x7fbbd28bf008
P 0x7fbbd28c8f98
C 9
R
P 0x7fbbd28bf008
C 294
R
P 0x7fbbd28bf008
S "amount"
C 29
R
P 0x7fbbd28bf008
C 294
R
P 0x7fbbd28bf008
$ |amount|
P 0x7fbbd28c86d8
C 49
= 0x7fbbd28c8f98
R
P 0x7fbbd28bf008
C 294
R
P 0x7fbbd28bf008
P 0x7fbbd28c8f98
C 207
R
P 0x7fbbd28bf008
C 294
R
P 0x7fbbd28bf008
P 0x7fbbd28c8f98
C 204
= 0x7fbbd28c86d8
R
P 0x7fbbd28bf008
C 294
R
P 0x7fbbd28bf008
P 0x7fbbd28c86d8
C 165
R
P 0x7fbbd28bf008
C 294
R
P 0x7fbbd28bf008
P 0x7fbbd28c8f98
C 210
R
P 0x7fbbd28bf008
C 294
R
P 0x7fbbd28bf008
P 0x7fbbd28c8f98
C 209
R
P 0x7fbbd28bf008
C 294
R
P 0x7fbbd28bf008
P 0x7fbbd28c8f98
C 9
R
P 0x7fbbd28bf008
C 294
R
P 0x7fbbd28bf008
S "balance"
C 29
R
P 0x7fbbd28bf008
C 294
R
P 0x7fbbd28bf008
$ |balance|
P 0x7fbbd28c86d8
C 49
= 0x7fbbd28c8f78
R
P 0x7fbbd28bf008
C 294
R
P 0x7fbbd28bf008
P 0x7fbbd28c8f78
C 207
R
P 0x7fbbd28bf008
C 294
R
P 0x7fbbd28bf008
P 0x7fbbd28c8f78
C 204
= 0x7fbbd28c86d8
R
P 0x7fbbd28bf008
C 294
R
P 0x7fbbd28bf008
P 0x7fbbd28c86d8
C 165
R
P 0x7fbbd28bf008
C 294
R
P 0x7fbbd28bf008
P 0x7fbbd28c8f78
C 210
R
P 0x7fbbd28bf008
C 294
R
P 0x7fbbd28bf008
P 0x7fbbd28c8f78
C 209
R
P 0x7fbbd28bf008
C 294
R
P 0x7fbbd28bf008
P 0x7fbbd28c8f78
C 9
R
P 0x7fbbd28bf008
C 294
R
P 0x7fbbd28bf008
S "balance"
C 29
R
P 0x7fbbd28bf008
C 294
R
P 0x7fbbd28bf008
$ |balance|
P 0x7fbbd28c86d8
C 49
= 0x7fbbd28c8f78
R
P 0x7fbbd28bf008
C 294
R
P 0x7fbbd28bf008
P 0x7fbbd28c8f78
C 207
R
P 0x7fbbd28bf008
C 294
R
P 0x7fbbd28bf008
P 0x7fbbd28c8f78
C 204
= 0x7fbbd28c86d8
R
P 0x7fbbd28bf008
C 294
R
P 0x7fbbd28bf008
P 0x7fbbd28c86d8
C 165
R
P 0x7fbbd28bf008
C 294
R
P 0x7fbbd28bf008
P 0x7fbbd28c8f78
C 210
R
P 0x7fbbd28bf008
C 294
R
P 0x7fbbd28bf008
P 0x7fbbd28c8f78
C 209
R
P 0x7fbbd28bf008
C 294
R
P 0x7fbbd28bf008
P 0x7fbbd28c8f78
C 9
R
P 0x7fbbd28bf008
C 294
R
P 0x7fbbd28bf008
S "token"
C 29
R
P 0x7fbbd28bf008
C 294
R
P 0x7fbbd28bf008
$ |token|
P 0x7fbbd28c8618
C 49
= 0x7fbbd28c8fb8
R
P 0x7fbbd28bf008
C 294
R
P 0x7fbbd28bf008
P 0x7fbbd28c8fb8
C 207
R
P 0x7fbbd28bf008
C 294
R
P 0x7fbbd28bf008
P 0x7fbbd28c8fb8
C 204
= 0x7fbbd28c8618
R
P 0x7fbbd28bf008
C 294
R
P 0x7fbbd28bf008
P 0x7fbbd28c8618
C 165
R
P 0x7fbbd28bf008
C 294
R
P 0x7fbbd28bf008
P 0x7fbbd28c8fb8
C 210
R
P 0x7fbbd28bf008
C 294
R
P 0x7fbbd28bf008
P 0x7fbbd28c8fb8
C 209
R
P 0x7fbbd28bf008
C 294
R
P 0x7fbbd28bf008
P 0x7fbbd28c8fb8
C 9
R
P 0x7fbbd28bf008
C 294
R
P 0x7fbbd28bf008
S "token"
C 29
R
P 0x7fbbd28bf008
C 294
R
P 0x7fbbd28bf008
$ |token|
P 0x7fbbd28c8618
C 49
= 0x7fbbd28c8fb8
R
P 0x7fbbd28bf008
C 294
R
P 0x7fbbd28bf008
P 0x7fbbd28c8fb8
C 207
R
P 0x7fbbd28bf008
C 294
R
P 0x7fbbd28bf008
P 0x7fbbd28c8fb8
C 204
= 0x7fbbd28c8618
R
P 0x7fbbd28bf008
C 294
R
P 0x7fbbd28bf008
P 0x7fbbd28c8618
C 165
R
P 0x7fbbd28bf008
C 294
R
P 0x7fbbd28bf008
P 0x7fbbd28c8fb8
C 210
R
P 0x7fbbd28bf008
C 294
R
P 0x7fbbd28bf008
P 0x7fbbd28c8fb8
C 209
R
P 0x7fbbd28bf008
C 294
R
P 0x7fbbd28bf008
P 0x7fbbd28c8fb8
C 9
R
P 0x7fbbd28bf008
C 294
R
P 0x7fbbd28bf008
C 32
= 0x7fbbd28c86d8
R
P 0x7fbbd28bf008
C 294
R
P 0x7fbbd28bf008
P 0x7fbbd28c86d8
C 9
R
P 0x7fbbd28bf008
C 294
R
P 0x7fbbd28bf008
C 31
= 0x7fbbd28c8618
R
P 0x7fbbd28bf008
C 294
R
P 0x7fbbd28bf008
P 0x7fbbd28c8618
C 9
R
P 0x7fbbd28bf008
C 294
R
P 0x7fbbd28bf008
S "0"
P 0x7fbbd28c86d8
C 142
= 0x7fbbd28c8fd8
R
P 0x7fbbd28bf008
C 294
R
P 0x7fbbd28bf008
P 0x7fbbd28c8fd8
C 9
R
P 0x7fbbd28bf008
C 294
R
P 0x7fbbd28bf008
P 0x7fbbd28c8f78
P 0x7fbbd28c8fd8
C 74
= 0x7fbbd28cf1c8
R
P 0x7fbbd28bf008
C 294
R
P 0x7fbbd28bf008
P 0x7fbbd28cf1c8
C 9
R
P 0x7fbbd28bf008
C 294
R
P 0x7fbbd28bf008
C 32
= 0x7fbbd28c86d8
R
P 0x7fbbd28bf008
C 294
R
P 0x7fbbd28bf008
P 0x7fbbd28c86d8
C 9
R
P 0x7fbbd28bf008
C 294
R
P 0x7fbbd28bf008
C 31
= 0x7fbbd28c8618
R
P 0x7fbbd28bf008
C 294
R
P 0x7fbbd28bf008
P 0x7fbbd28c8618
C 9
R
P 0x7fbbd28bf008
C 294
R
P 0x7fbbd28bf008
S "0"
P 0x7fbbd28c86d8
C 142
= 0x7fbbd28c8fd8
R
P 0x7fbbd28bf008
C 294
R
P 0x7fbbd28bf008
P 0x7fbbd28c8fd8
C 9
R
P 0x7fbbd28bf008
C 294
R
P 0x7fbbd28bf008
P 0x7fbbd28c8f98
P 0x7fbbd28c8fd8
C 74
= 0x7fbbd28cf200
R
P 0x7fbbd28bf008
C 294
R
P 0x7fbbd28bf008
P 0x7fbbd28cf200
C 9
R
P 0x7fbbd28bf008
C 294
R
P 0x7fbbd28bf008
P 0x7fbbd28c8f98
P 0x7fbbd28c8f78
C 72
= 0x7fbbd28cf388
R
P 0x7fbbd28bf008
C 294
R
P 0x7fbbd28bf008
P 0x7fbbd28cf388
C 9
R
P 0x7fbbd28bf008
C 294
R
P 0x7fbbd28bf008
U 2
P 0x7fbbd28cf200
P 0x7fbbd28cf388
p 2
C 61
= 0x7fbbd28cf3c0
R
P 0x7fbbd28bf008
C 294
R
P 0x7fbbd28bf008
P 0x7fbbd28cf3c0
C 9
R
P 0x7fbbd28bf008
C 294
R
P 0x7fbbd28bf008
P 0x7fbbd28cf3c0
C 275
R
P 0x7fbbd28bf008
C 294
R
P 0x7fbbd28bf008
C 32
= 0x7fbbd28c86d8
R
P 0x7fbbd28bf008
C 294
R
P 0x7fbbd28bf008
P 0x7fbbd28c86d8
C 9
R
P 0x7fbbd28bf008
C 294
R
P 0x7fbbd28bf008
C 31
= 0x7fbbd28c8618
R
P 0x7fbbd28bf008
C 294
R
P 0x7fbbd28bf008
P 0x7fbbd28c8618
C 9
R
P 0x7fbbd28bf008
C 294
R
P 0x7fbbd28bf008
C 52
= 0x7fbbd28c8678
R
P 0x7fbbd28bf008
C 294
R
P 0x7fbbd28bf008
P 0x7fbbd28c8678
C 9
R
P 0x7fbbd28bf008
C 294
R
P 0x7fbbd28bf008
P 0x7fbbd28c8fb8
P 0x7fbbd28c8678
C 54
= 0x7fbbd28cf3f8
R
P 0x7fbbd28bf008
C 294
R
P 0x7fbbd28bf008
P 0x7fbbd28cf3f8
C 9
R
P 0x7fbbd28bf008
C 294
R
P 0x7fbbd28bf008
C 52
= 0x7fbbd28c8678
R
P 0x7fbbd28bf008
C 294
R
P 0x7fbbd28bf008
P 0x7fbbd28c8678
C 9
R
P 0x7fbbd28bf008
C 294
R
P 0x7fbbd28bf008
P 0x7fbbd28cf3f8
P 0x7fbbd28c8678
C 54
= 0x7fbbd28cf430
R
P 0x7fbbd28bf008
C 294
R
P 0x7fbbd28bf008
P 0x7fbbd28cf430
C 9
R
P 0x7fbbd28bf008
C 294
R
P 0x7fbbd28bf008
C 32
= 0x7fbbd28c86d8
R
P 0x7fbbd28bf008
C 294
R
P 0x7fbbd28bf008
P 0x7fbbd28c86d8
C 9
R
P 0x7fbbd28bf008
C 294
R
P 0x7fbbd28bf008
C 31
= 0x7fbbd28c8618
R
P 0x7fbbd28bf008
C 294
R
P 0x7fbbd28bf008
P 0x7fbbd28c8618
C 9
R
P 0x7fbbd28bf008
C 294
R
P 0x7fbbd28bf008
U 2
P 0x7fbbd28c8f78
P 0x7fbbd28c8f98
p 2
C 63
= 0x7fbbd28cf270
R
P 0x7fbbd28bf008
C 294
R
P 0x7fbbd28bf008
P 0x7fbbd28cf270
C 207
R
P 0x7fbbd28bf008
C 294
R
P 0x7fbbd28bf008
P 0x7fbbd28cf270
C 204
= 0x7fbbd28c86d8
R
P 0x7fbbd28bf008
C 294
R
P 0x7fbbd28bf008
P 0x7fbbd28c86d8
C 165
R
P 0x7fbbd28bf008
C 294
R
P 0x7fbbd28bf008
P 0x7fbbd28cf270
C 210
R
P 0x7fbbd28bf008
C 294
R
P 0x7fbbd28bf008
P 0x7fbbd28cf270
C 209
R
P 0x7fbbd28bf008
C 294
R
P 0x7fbbd28bf008
P 0x7fbbd28cf270
C 9
R
P 0x7fbbd28bf008
C 294
R
P 0x7fbbd28bf008
P 0x7fbbd28c8f78
C 204
= 0x7fbbd28c86d8
R
P 0x7fbbd28bf008
C 294
R
P 0x7fbbd28bf008
P 0x7fbbd28c86d8
C 165
R
P 0x7fbbd28bf008
C 294
R
P 0x7fbbd28bf008
P 0x7fbbd28c86d8
C 9
R
P 0x7fbbd28bf008
C 294
R
P 0x7fbbd28bf008
P 0x7fbbd28cf270
C 204
= 0x7fbbd28c86d8
R
P 0x7fbbd28bf008
C 294
R
P 0x7fbbd28bf008
P 0x7fbbd28c86d8
C 165
R
P 0x7fbbd28bf008
C 294
R
P 0x7fbbd28bf008
P 0x7fbbd28c86d8
C 9
R
P 0x7fbbd28bf008
C 294
R
P 0x7fbbd28bf008
C 31
= 0x7fbbd28c8618
R
P 0x7fbbd28bf008
C 294
R
P 0x7fbbd28bf008
P 0x7fbbd28c8618
C 9
R
P 0x7fbbd28bf008
C 294
R
P 0x7fbbd28bf008
S "token"
C 29
R
P 0x7fbbd28bf008
C 294
R
P 0x7fbbd28bf008
$ |token|
P 0x7fbbd28c8618
C 49
= 0x7fbbd28c8fb8
R
P 0x7fbbd28bf008
C 294
R
P 0x7fbbd28bf008
P 0x7fbbd28c8fb8
C 207
R
P 0x7fbbd28bf008
C 294
R
P 0x7fbbd28bf008
P 0x7fbbd28c8fb8
C 204
= 0x7fbbd28c8618
R
P 0x7fbbd28bf008
C 294
R
P 0x7fbbd28bf008
P 0x7fbbd28c8618
C 165
R
P 0x7fbbd28bf008
C 294
R
P 0x7fbbd28bf008
P 0x7fbbd28c8fb8
C 210
R
P 0x7fbbd28bf008
C 294
R
P 0x7fbbd28bf008
P 0x7fbbd28c8fb8
C 209
R
P 0x7fbbd28bf008
C 294
R
P 0x7fbbd28bf008
P 0x7fbbd28c8fb8
C 9
R
P 0x7fbbd28bf008
C 294
R
P 0x7fbbd28bf008
P 0x7fbbd28cf270
C 275
R
P 0x7fbbd28bf008
C 294
R
P 0x7fbbd28bf008
C 32
= 0x7fbbd28c86d8
R
P 0x7fbbd28bf008
C 294
R
P 0x7fbbd28bf008
P 0x7fbbd28c86d8
C 9
R
P 0x7fbbd28bf008
C 294
R
P 0x7fbbd28bf008
C 31
= 0x7fbbd28c8618
R
P 0x7fbbd28bf008
C 294
R
P 0x7fbbd28bf008
P 0x7fbbd28c8618
C 9
R
P 0x7fbbd28bf008
C 294
R
P 0x7fbbd28bf008
U 2
P 0x7fbbd28cf200
P 0x7fbbd28cf388
p 2
C 61
= 0x7fbbd28cf3c0
R
P 0x7fbbd28bf008
C 294
R
P 0x7fbbd28bf008
P 0x7fbbd28cf3c0
C 9
R
P 0x7fbbd28bf008
C 294
R
P 0x7fbbd28bf008
C 32
= 0x7fbbd28c86d8
R
P 0x7fbbd28bf008
C 294
R
P 0x7fbbd28bf008
P 0x7fbbd28c86d8
C 9
R
P 0x7fbbd28bf008
C 294
R
P 0x7fbbd28bf008
C 31
= 0x7fbbd28c8618
R
P 0x7fbbd28bf008
C 294
R
P 0x7fbbd28bf008
P 0x7fbbd28c8618
C 9
R
P 0x7fbbd28bf008
C 294
R
P 0x7fbbd28bf008
S "0"
P 0x7fbbd28c86d8
C 142
= 0x7fbbd28c8fd8
R
P 0x7fbbd28bf008
C 294
R
P 0x7fbbd28bf008
P 0x7fbbd28c8fd8
C 9
R
P 0x7fbbd28bf008
C 294
R
P 0x7fbbd28bf008
P 0x7fbbd28c8f98
P 0x7fbbd28c8fd8
C 74
= 0x7fbbd28cf200
R
P 0x7fbbd28bf008
C 294
R
P 0x7fbbd28bf008
P 0x7fbbd28cf200
C 9
R
P 0x7fbbd28bf008
C 294
R
P 0x7fbbd28bf008
P 0x7fbbd28c8f98
P 0x7fbbd28cf270
C 72
= 0x7fbbd28cf468
R
P 0x7fbbd28bf008
C 294
R
P 0x7fbbd28bf008
P 0x7fbbd28cf468
C 9
R
P 0x7fbbd28bf008
C 294
R
P 0x7fbbd28bf008
U 2
P 0x7fbbd28cf200
P 0x7fbbd28cf468
p 2
C 61
= 0x7fbbd28cf4a0
R
P 0x7fbbd28bf008
C 294
R
P 0x7fbbd28bf008
P 0x7fbbd28cf4a0
C 9
R
P 0x7fbbd28bf008
C 294
R
P 0x7fbbd28bf008
P 0x7fbbd28cf4a0
C 275
R
P 0x7fbbd28bf008
C 294
R
P 0x7fbbd28bf008
P 0x7fbbd28cf3c0
P 0x7fbbd28cf4a0
C 59
= 0x7fbbd28cf4d8
R
P 0x7fbbd28bf008
C 294
R
P 0x7fbbd28bf008
P 0x7fbbd28cf4d8
C 9
R
P 0x7fbbd28bf008
C 294
R
P 0x7fbbd28bf008
P 0x7fbbd28cf4d8
C 56
= 0x7fbbd28cabd8
R
P 0x7fbbd28bf008
C 294
R
P 0x7fbbd28bf008
P 0x7fbbd28cabd8
C 9
R
P 0x7fbbd28bf008
C 294
R
P 0x7fbbd28bf008
P 0x7fbbd28cabd8
C 275
R
P 0x7fbbd28bf008
C 294
R
P 0x7fbbd28bf008
C 410
= 0x7fbbd4cc23a8
R
P 0x7fbbd28bf008
C 294
R
P 0x7fbbd28bf008
P 0x7fbbd4cc23a8
C 417
R
P 0x7fbbd28bf008
C 294
R
P 0x7fbbd28bf008
P 0x7fbbd4cc23a8
P 0x7fbbd28cabd8
C 423
R
P 0x7fbbd28bf008
C 294
R
P 0x7fbbd28bf008
P 0x7fbbd4cc23a8
C 426
R
P 0x7fbbd28bf008
C 294
R
P 0x7fbbd28bf008
C 410
= 0x7fbbd255b468
R
P 0x7fbbd28bf008
C 294
R
P 0x7fbbd28bf008
P 0x7fbbd255b468
C 417
R
P 0x7fbbd28bf008
C 294
R
P 0x7fbbd28bf008
P 0x7fbbd255b468
P 0x7fbbd28cabd8
C 423
R
P 0x7fbbd28bf008
C 294
R
P 0x7fbbd28bf008
P 0x7fbbd255b468
C 426
R
P 0x7fbbd28bf008
C 294
R
P 0x7fbbd28bf008
C 32
= 0x7fbbd28c86d8
R
P 0x7fbbd28bf008
C 294
R
P 0x7fbbd28bf008
P 0x7fbbd28c86d8
C 9
R
P 0x7fbbd28bf008
C 294
R
P 0x7fbbd28bf008
C 31
= 0x7fbbd28c8618
R
P 0x7fbbd28bf008
C 294
R
P 0x7fbbd28bf008
P 0x7fbbd28c8618
C 9
R
P 0x7fbbd28bf008
C 294
R
P 0x7fbbd28bf008
S "amount"
C 29
R
P 0x7fbbd28bf008
C 294
R
P 0x7fbbd28bf008
$ |amount|
P 0x7fbbd28c86d8
C 49
= 0x7fbbd28c8f98
R
P 0x7fbbd28bf008
C 294
R
P 0x7fbbd28bf008
P 0x7fbbd28c8f98
C 207
R
P 0x7fbbd28bf008
C 294
R
P 0x7fbbd28bf008
P 0x7fbbd28c8f98
C 204
= 0x7fbbd28c86d8
R
P 0x7fbbd28bf008
C 294
R
P 0x7fbbd28bf008
P 0x7fbbd28c86d8
C 165
R
P 0x7fbbd28bf008
C 294
R
P 0x7fbbd28bf008
P 0x7fbbd28c8f98
C 210
R
P 0x7fbbd28bf008
C 294
R
P 0x7fbbd28bf008
P 0x7fbbd28c8f98
C 209
R
P 0x7fbbd28bf008
C 294
R
P 0x7fbbd28bf008
P 0x7fbbd28c8f98
C 9
R
P 0x7fbbd28bf008
C 294
R
P 0x7fbbd28bf008
S "amount"
C 29
R
P 0x7fbbd28bf008
C 294
R
P 0x7fbbd28bf008
$ |amount|
P 0x7fbbd28c86d8
C 49
= 0x7fbbd28c8f98
R
P 0x7fbbd28bf008
C 294
R
P 0x7fbbd28bf008
P 0x7fbbd28c8f98
C 207
R
P 0x7fbbd28bf008
C 294
R
P 0x7fbbd28bf008
P 0x7fbbd28c8f98
C 204
= 0x7fbbd28c86d8
R
P 0x7fbbd28bf008
C 294
R
P 0x7fbbd28bf008
P 0x7fbbd28c86d8
C 165
R
P 0x7fbbd28bf008
C 294
R
P 0x7fbbd28bf008
P 0x7fbbd28c8f98
C 210
R
P 0x7fbbd28bf008
C 294
R
P 0x7fbbd28bf008
P 0x7fbbd28c8f98
C 209
R
P 0x7fbbd28bf008
C 294
R
P 0x7fbbd28bf008
P 0x7fbbd28c8f98
C 9
R
P 0x7fbbd28bf008
C 294
R
P 0x7fbbd28bf008
S "balance"
C 29
R
P 0x7fbbd28bf008
C 294
R
P 0x7fbbd28bf008
$ |balance|
P 0x7fbbd28c86d8
C 49
= 0x7fbbd28c8f78
R
P 0x7fbbd28bf008
C 294
R
P 0x7fbbd28bf008
P 0x7fbbd28c8f78
C 207
R
P 0x7fbbd28bf008
C 294
R
P 0x7fbbd28bf008
P 0x7fbbd28c8f78
C 204
= 0x7fbbd28c86d8
R
P 0x7fbbd28bf008
C 294
R
P 0x7fbbd28bf008
P 0x7fbbd28c86d8
C 165
R
P 0x7fbbd28bf008
C 294
R
P 0x7fbbd28bf008
P 0x7fbbd28c8f78
C 210
R
P 0x7fbbd28bf008
C 294
R
P 0x7fbbd28bf008
P 0x7fbbd28c8f78
C 209
R
P 0x7fbbd28bf008
C 294
R
P 0x7fbbd28bf008
P 0x7fbbd28c8f78
C 9
R
P 0x7fbbd28bf008
C 294
R
P 0x7fbbd28bf008
S "balance"
C 29
R
P 0x7fbbd28bf008
C 294
R
P 0x7fbbd28bf008
$ |balance|
P 0x7fbbd28c86d8
C 49
= 0x7fbbd28c8f78
R
P 0x7fbbd28bf008
C 294
R
P 0x7fbbd28bf008
P 0x7fbbd28c8f78
C 207
R
P 0x7fbbd28bf008
C 294
R
P 0x7fbbd28bf008
P 0x7fbbd28c8f78
C 204
= 0x7fbbd28c86d8
R
P 0x7fbbd28bf008
C 294
R
P 0x7fbbd28bf008
P 0x7fbbd28c86d8
C 165
R
P 0x7fbbd28bf008
C 294
R
P 0x7fbbd28bf008
P 0x7fbbd28c8f78
C 210
R
P 0x7fbbd28bf008
C 294
R
P 0x7fbbd28bf008
P 0x7fbbd28c8f78
C 209
R
P 0x7fbbd28bf008
C 294
R
P 0x7fbbd28bf008
P 0x7fbbd28c8f78
C 9
R
P 0x7fbbd28bf008
C 294
R
P 0x7fbbd28bf008
S "token"
C 29
R
P 0x7fbbd28bf008
C 294
R
P 0x7fbbd28bf008
$ |token|
P 0x7fbbd28c8618
C 49
= 0x7fbbd28c8fb8
R
P 0x7fbbd28bf008
C 294
R
P 0x7fbbd28bf008
P 0x7fbbd28c8fb8
C 207
R
P 0x7fbbd28bf008
C 294
R
P 0x7fbbd28bf008
P 0x7fbbd28c8fb8
C 204
= 0x7fbbd28c8618
R
P 0x7fbbd28bf008
C 294
R
P 0x7fbbd28bf008
P 0x7fbbd28c8618
C 165
R
P 0x7fbbd28bf008
C 294
R
P 0x7fbbd28bf008
P 0x7fbbd28c8fb8
C 210
R
P 0x7fbbd28bf008
C 294
R
P 0x7fbbd28bf008
P 0x7fbbd28c8fb8
C 209
R
P 0x7fbbd28bf008
C 294
R
P 0x7fbbd28bf008
P 0x7fbbd28c8fb8
C 9
R
P 0x7fbbd28bf008
C 294
R
P 0x7fbbd28bf008
S "token"
C 29
R
P 0x7fbbd28bf008
C 294
R
P 0x7fbbd28bf008
$ |token|
P 0x7fbbd28c8618
C 49
= 0x7fbbd28c8fb8
R
P 0x7fbbd28bf008
C 294
R
P 0x7fbbd28bf008
P 0x7fbbd28c8fb8
C 207
R
P 0x7fbbd28bf008
C 294
R
P 0x7fbbd28bf008
P 0x7fbbd28c8fb8
C 204
= 0x7fbbd28c8618
R
P 0x7fbbd28bf008
C 294
R
P 0x7fbbd28bf008
P 0x7fbbd28c8618
C 165
R
P 0x7fbbd28bf008
C 294
R
P 0x7fbbd28bf008
P 0x7fbbd28c8fb8
C 210
R
P 0x7fbbd28bf008
C 294
R
P 0x7fbbd28bf008
P 0x7fbbd28c8fb8
C 209
R
P 0x7fbbd28bf008
C 294
R
P 0x7fbbd28bf008
P 0x7fbbd28c8fb8
C 9
R
P 0x7fbbd28bf008
C 294
R
P 0x7fbbd28bf008
C 32
= 0x7fbbd28c86d8
R
P 0x7fbbd28bf008
C 294
R
P 0x7fbbd28bf008
P 0x7fbbd28c86d8
C 9
R
P 0x7fbbd28bf008
C 294
R
P 0x7fbbd28bf008
C 31
= 0x7fbbd28c8618
R
P 0x7fbbd28bf008
C 294
R
P 0x7fbbd28bf008
P 0x7fbbd28c8618
C 9
R
P 0x7fbbd28bf008
C 294
R
P 0x7fbbd28bf008
S "amount"
C 29
R
P 0x7fbbd28bf008
C 294
R
P 0x7fbbd28bf008
$ |amount|
P 0x7fbbd28c86d8
C 49
= 0x7fbbd28c8f98
R
P 0x7fbbd28bf008
C 294
R
P 0x7fbbd28bf008
P 0x7fbbd28c8f98
C 207
R
P 0x7fbbd28bf008
C 294
R
P 0x7fbbd28bf008
P 0x7fbbd28c8f98
C 204
= 0x7fbbd28c86d8
R
P 0x7fbbd28bf008
C 294
R
P 0x7fbbd28bf008
P 0x7fbbd28c86d8
C 165
R
P 0x7fbbd28bf008
C 294
R
P 0x7fbbd28bf008
P 0x7fbbd28c8f98
C 210
R
P 0x7fbbd28bf008
C 294
R
P 0x7fbbd28bf008
P 0x7fbbd28c8f98
C 209
R
P 0x7fbbd28bf008
C 294
R
P 0x7fbbd28bf008
P 0x7fbbd28c8f98
C 9
R
P 0x7fbbd28bf008
C 294
R
P 0x7fbbd28bf008
S "amount"
C 29
R
P 0x7fbbd28bf008
C 294
R
P 0x7fbbd28bf008
$ |amount|
P 0x7fbbd28c86d8
C 49
= 0x7fbbd28c8f98
R
P 0x7fbbd28bf008
C 294
R
P 0x7fbbd28bf008
P 0x7fbbd28c8f98
C 207
R
P 0x7fbbd28bf008
C 294
R
P 0x7fbbd28bf008
P 0x7fbbd28c8f98
C 204
= 0x7fbbd28c86d8
R
P 0x7fbbd28bf008
C 294
R
P 0x7fbbd28bf008
P 0x7fbbd28c86d8
C 165
R
P 0x7fbbd28bf008
C 294
R
P 0x7fbbd28bf008
P 0x7fbbd28c8f98
C 210
R
P 0x7fbbd28bf008
C 294
R
P 0x7fbbd28bf008
P 0x7fbbd28c8f98
C 209
R
P 0x7fbbd28bf008
C 294
R
P 0x7fbbd28bf008
P 0x7fbbd28c8f98
C 9
R
P 0x7fbbd28bf008
C 294
R
P 0x7fbbd28bf008
S "balance"
C 29
R
P 0x7fbbd28bf008
C 294
R
P 0x7fbbd28bf008
$ |balance|
P 0x7fbbd28c86d8
C 49
= 0x7fbbd28c8f78
R
P 0x7fbbd28bf008
C 294
R
P 0x7fbbd28bf008
P 0x7fbbd28c8f78
C 207
R
P 0x7fbbd28bf008
C 294
R
P 0x7fbbd28bf008
P 0x7fbbd28c8f78
C 204
= 0x7fbbd28c86d8
R
P 0x7fbbd28bf008
C 294
R
P 0x7fbbd28bf008
P 0x7fbbd28c86d8
C 165
R
P 0x7fbbd28bf008
C 294
R
P 0x7fbbd28bf008
P 0x7fbbd28c8f78
C 210
R
P 0x7fbbd28bf008
C 294
R
P 0x7fbbd28bf008
P 0x7fbbd28c8f78
C 209
R
P 0x7fbbd28bf008
C 294
R
P 0x7fbbd28bf008
P 0x7fbbd28c8f78
C 9
R
P 0x7fbbd28bf008
C 294
R
P 0x7fbbd28bf008
S "balance"
C 29
R
P 0x7fbbd28bf008
C 294
R
P 0x7fbbd28bf008
$ |balance|
P 0x7fbbd28c86d8
C 49
= 0x7fbbd28c8f78
R
P 0x7fbbd28bf008
C 294
R
P 0x7fbbd28bf008
P 0x7fbbd28c8f78
C 207
R
P 0x7fbbd28bf008
C 294
R
P 0x7fbbd28bf008
P 0x7fbbd28c8f78
C 204
= 0x7fbbd28c86d8
R
P 0x7fbbd28bf008
C 294
R
P 0x7fbbd28bf008
P 0x7fbbd28c86d8
C 165
R
P 0x7fbbd28bf008
C 294
R
P 0x7fbbd28bf008
P 0x7fbbd28c8f78
C 210
R
P 0x7fbbd28bf008
C 294
R
P 0x7fbbd28bf008
P 0x7fbbd28c8f78
C 209
R
P 0x7fbbd28bf008
C 294
R
P 0x7fbbd28bf008
P 0x7fbbd28c8f78
C 9
R
P 0x7fbbd28bf008
C 294
R
P 0x7fbbd28bf008
S "token"
C 29
R
P 0x7fbbd28bf008
C 294
R
P 0x7fbbd28bf008
$ |token|
P 0x7fbbd28c8618
C 49
= 0x7fbbd28c8fb8
R
P 0x7fbbd28bf008
C 294
R
P 0x7fbbd28bf008
P 0x7fbbd28c8fb8
C 207
R
P 0x7fbbd28bf008
C 294
R
P 0x7fbbd28bf008
P 0x7fbbd28c8fb8
C 204
= 0x7fbbd28c8618
R
P 0x7fbbd28bf008
C 294
R
P 0x7fbbd28bf008
P 0x7fbbd28c8618
C 165
R
P 0x7fbbd28bf008
C 294
R
P 0x7fbbd28bf008
P 0x7fbbd28c8fb8
C 210
R
P 0x7fbbd28bf008
C 294
R
P 0x7fbbd28bf008
P 0x7fbbd28c8fb8
C 209
R
P 0x7fbbd28bf008
C 294
R
P 0x7fbbd28bf008
P 0x7fbbd28c8fb8
C 9
R
P 0x7fbbd28bf008
C 294
R
P 0x7fbbd28bf008
S "token"
C 29
R
P 0x7fbbd28bf008
C 294
R
P 0x7fbbd28bf008
$ |token|
P 0x7fbbd28c8618
C 49
= 0x7fbbd28c8fb8
R
P 0x7fbbd28bf008
C 294
R
P 0x7fbbd28bf008
P 0x7fbbd28c8fb8
C 207
R
P 0x7fbbd28bf008
C 294
R
P 0x7fbbd28bf008
P 0x7fbbd28c8fb8
C 204
= 0x7fbbd28c8618
R
P 0x7fbbd28bf008
C 294
R
P 0x7fbbd28bf008
P 0x7fbbd28c8618
C 165
R
P 0x7fbbd28bf008
C 294
R
P 0x7fbbd28bf008
P 0x7fbbd28c8fb8
C 210
R
P 0x7fbbd28bf008
C 294
R
P 0x7fbbd28bf008
P 0x7fbbd28c8fb8
C 209
R
P 0x7fbbd28bf008
C 294
R
P 0x7fbbd28bf008
P 0x7fbbd28c8fb8
C 9
R
P 0x7fbbd28bf008
C 294
R
P 0x7fbbd28bf008
C 32
= 0x7fbbd28c86d8
R
P 0x7fbbd28bf008
C 294
R
P 0x7fbbd28bf008
P 0x7fbbd28c86d8
C 9
R
P 0x7fbbd28bf008
C 294
R
P 0x7fbbd28bf008
C 31
= 0x7fbbd28c8618
R
P 0x7fbbd28bf008
C 294
R
P 0x7fbbd28bf008
P 0x7fbbd28c8618
C 9
R
P 0x7fbbd28bf008
C 294
R
P 0x7fbbd28bf008
S "0"
P 0x7fbbd28c86d8
C 142
= 0x7fbbd28c8fd8
R
P 0x7fbbd28bf008
C 294
R
P 0x7fbbd28bf008
P 0x7fbbd28c8fd8
C 9
R
P 0x7fbbd28bf008
C 294
R
P 0x7fbbd28bf008
P 0x7fbbd28c8f78
P 0x7fbbd28c8fd8
C 74
= 0x7fbbd28cf1c8
R
P 0x7fbbd28bf008
C 294
R
P 0x7fbbd28bf008
P 0x7fbbd28cf1c8
C 9
R
P 0x7fbbd28bf008
C 294
R
P 0x7fbbd28bf008
C 32
= 0x7fbbd28c86d8
R
P 0x7fbbd28bf008
C 294
R
P 0x7fbbd28bf008
P 0x7fbbd28c86d8
C 9
R
P 0x7fbbd28bf008
C 294
R
P 0x7fbbd28bf008
C 31
= 0x7fbbd28c8618
R
P 0x7fbbd28bf008
C 294
R
P 0x7fbbd28bf008
P 0x7fbbd28c8618
C 9
R
P 0x7fbbd28bf008
C 294
R
P 0x7fbbd28bf008
S "0"
P 0x7fbbd28c86d8
C 142
= 0x7fbbd28c8fd8
R
P 0x7fbbd28bf008
C 294
R
P 0x7fbbd28bf008
P 0x7fbbd28c8fd8
C 9
R
P 0x7fbbd28bf008
C 294
R
P 0x7fbbd28bf008
P 0x7fbbd28c8f98
P 0x7fbbd28c8fd8
C 74
= 0x7fbbd28cf200
R
P 0x7fbbd28bf008
C 294
R
P 0x7fbbd28bf008
P 0x7fbbd28cf200
C 9
R
P 0x7fbbd28bf008
C 294
R
P 0x7fbbd28bf008
P 0x7fbbd28c8f98
P 0x7fbbd28c8f78
C 72
= 0x7fbbd28cf388
R
P 0x7fbbd28bf008
C 294
R
P 0x7fbbd28bf008
P 0x7fbbd28cf388
C 9
R
P 0x7fbbd28bf008
C 294
R
P 0x7fbbd28bf008
U 2
P 0x7fbbd28cf200
P 0x7fbbd28cf388
p 2
C 61
= 0x7fbbd28cf3c0
R
P 0x7fbbd28bf008
C 294
R
P 0x7fbbd28bf008
P 0x7fbbd28cf3c0
C 9
R
P 0x7fbbd28bf008
C 294
R
P 0x7fbbd28bf008
P 0x7fbbd28cf3c0
C 275
R
P 0x7fbbd28bf008
C 294
R
P 0x7fbbd28bf008
C 32
= 0x7fbbd28c86d8
R
P 0x7fbbd28bf008
C 294
R
P 0x7fbbd28bf008
P 0x7fbbd28c86d8
C 9
R
P 0x7fbbd28bf008
C 294
R
P 0x7fbbd28bf008
C 31
= 0x7fbbd28c8618
R
P 0x7fbbd28bf008
C 294
R
P 0x7fbbd28bf008
P 0x7fbbd28c8618
C 9
R
P 0x7fbbd28bf008
C 294
R
P 0x7fbbd28bf008
C 52
= 0x7fbbd28c8678
R
P 0x7fbbd28bf008
C 294
R
P 0x7fbbd28bf008
P 0x7fbbd28c8678
C 9
R
P 0x7fbbd28bf008
C 294
R
P 0x7fbbd28bf008
P 0x7fbbd28c8fb8
P 0x7fbbd28c8678
C 54
= 0x7fbbd28cf3f8
R
P 0x7fbbd28bf008
C 294
R
P 0x7fbbd28bf008
P 0x7fbbd28cf3f8
C 9
R
P 0x7fbbd28bf008
C 294
R
P 0x7fbbd28bf008
C 52
= 0x7fbbd28c8678
R
P 0x7fbbd28bf008
C 294
R
P 0x7fbbd28bf008
P 0x7fbbd28c8678
C 9
R
P 0x7fbbd28bf008
C 294
R
P 0x7fbbd28bf008
P 0x7fbbd28cf3f8
P 0x7fbbd28c8678
C 54
= 0x7fbbd28cf430
R
P 0x7fbbd28bf008
C 294
R
P 0x7fbbd28bf008
P 0x7fbbd28cf430
C 9
R
P 0x7fbbd28bf008
C 294
R
P 0x7fbbd28bf008
C 32
= 0x7fbbd28c86d8
R
P 0x7fbbd28bf008
C 294
R
P 0x7fbbd28bf008
P 0x7fbbd28c86d8
C 9
R
P 0x7fbbd28bf008
C 294
R
P 0x7fbbd28bf008
C 31
= 0x7fbbd28c8618
R
P 0x7fbbd28bf008
C 294
R
P 0x7fbbd28bf008
P 0x7fbbd28c8618
C 9
R
P 0x7fbbd28bf008
C 294
R
P 0x7fbbd28bf008
U 2
P 0x7fbbd28c8f78
P 0x7fbbd28c8f98
p 2
C 65
= 0x7fbbd28cf350
R
P 0x7fbbd28bf008
C 294
R
P 0x7fbbd28bf008
P 0x7fbbd28cf350
C 207
R
P 0x7fbbd28bf008
C 294
R
P 0x7fbbd28bf008
P 0x7fbbd28cf350
C 204
= 0x7fbbd28c86d8
R
P 0x7fbbd28bf008
C 294
R
P 0x7fbbd28bf008
P 0x7fbbd28c86d8
C 165
R
P 0x7fbbd28bf008
C 294
R
P 0x7fbbd28bf008
P 0x7fbbd28cf350
C 210
R
P 0x7fbbd28bf008
C 294
R
P 0x7fbbd28bf008
P 0x7fbbd28cf350
C 209
R
P 0x7fbbd28bf008
C 294
R
P 0x7fbbd28bf008
P 0x7fbbd28cf350
C 9
R
P 0x7fbbd28bf008
C 294
R
P 0x7fbbd28bf008
P 0x7fbbd28c8f78
C 204
= 0x7fbbd28c86d8
R
P 0x7fbbd28bf008
C 294
R
P 0x7fbbd28bf008
P 0x7fbbd28c86d8
C 165
R
P 0x7fbbd28bf008
C 294
R
P 0x7fbbd28bf008
P 0x7fbbd28c86d8
C 9
R
P 0x7fbbd28bf008
C 294
R
P 0x7fbbd28bf008
P 0x7fbbd28cf350
C 204
= 0x7fbbd28c86d8
R
P 0x7fbbd28bf008
C 294
R
P 0x7fbbd28bf008
P 0x7fbbd28c86d8
C 165
R
P 0x7fbbd28bf008
C 294
R
P 0x7fbbd28bf008
P 0x7fbbd28c86d8
C 9
R
P 0x7fbbd28bf008
C 294
R
P 0x7fbbd28bf008
C 31
= 0x7fbbd28c8618
R
P 0x7fbbd28bf008
C 294
R
P 0x7fbbd28bf008
P 0x7fbbd28c8618
C 9
R
P 0x7fbbd28bf008
C 294
R
P 0x7fbbd28bf008
S "token"
C 29
R
P 0x7fbbd28bf008
C 294
R
P 0x7fbbd28bf008
$ |token|
P 0x7fbbd28c8618
C 49
= 0x7fbbd28c8fb8
R
P 0x7fbbd28bf008
C 294
R
P 0x7fbbd28bf008
P 0x7fbbd28c8fb8
C 207
R
P 0x7fbbd28bf008
C 294
R
P 0x7fbbd28bf008
P 0x7fbbd28c8fb8
C 204
= 0x7fbbd28c8618
R
P 0x7fbbd28bf008
C 294
R
P 0x7fbbd28bf008
P 0x7fbbd28c8618
C 165
R
P 0x7fbbd28bf008
C 294
R
P 0x7fbbd28bf008
P 0x7fbbd28c8fb8
C 210
R
P 0x7fbbd28bf008
C 294
R
P 0x7fbbd28bf008
P 0x7fbbd28c8fb8
C 209
R
P 0x7fbbd28bf008
C 294
R
P 0x7fbbd28bf008
P 0x7fbbd28c8fb8
C 9
R
P 0x7fbbd28bf008
C 294
R
P 0x7fbbd28bf008
P 0x7fbbd28cf350
C 275
R
P 0x7fbbd28bf008
C 294
R
P 0x7fbbd28bf008
C 32
= 0x7fbbd28c86d8
R
P 0x7fbbd28bf008
C 294
R
P 0x7fbbd28bf008
P 0x7fbbd28c86d8
C 9
R
P 0x7fbbd28bf008
C 294
R
P 0x7fbbd28bf008
C 31
= 0x7fbbd28c8618
R
P 0x7fbbd28bf008
C 294
R
P 0x7fbbd28bf008
P 0x7fbbd28c8618
C 9
R
P 0x7fbbd28bf008
C 294
R
P 0x7fbbd28bf008
U 2
P 0x7fbbd28cf200
P 0x7fbbd28cf388
p 2
C 61
= 0x7fbbd28cf3c0
R
P 0x7fbbd28bf008
C 294
R
P 0x7fbbd28bf008
P 0x7fbbd28cf3c0
C 9
R
P 0x7fbbd28bf008
C 294
R
P 0x7fbbd28bf008
C 32
= 0x7fbbd28c86d8
R
P 0x7fbbd28bf008
C 294
R
P 0x7fbbd28bf008
P 0x7fbbd28c86d8
C 9
R
P 0x7fbbd28bf008
C 294
R
P 0x7fbbd28bf008
C 31
= 0x7fbbd28c8618
R
P 0x7fbbd28bf008
C 294
R
P 0x7fbbd28bf008
P 0x7fbbd28c8618
C 9
R
P 0x7fbbd28bf008
C 294
R
P 0x7fbbd28bf008
S "0"
P 0x7fbbd28c86d8
C 142
= 0x7fbbd28c8fd8
R
P 0x7fbbd28bf008
C 294
R
P 0x7fbbd28bf008
P 0x7fbbd28c8fd8
C 9
R
P 0x7fbbd28bf008
C 294
R
P 0x7fbbd28bf008
P 0x7fbbd28c8f98
P 0x7fbbd28c8fd8
C 74
= 0x7fbbd28cf200
R
P 0x7fbbd28bf008
C 294
R
P 0x7fbbd28bf008
P 0x7fbbd28cf200
C 9
R
P 0x7fbbd28bf008
C 294
R
P 0x7fbbd28bf008
P 0x7fbbd28c8f98
P 0x7fbbd28cf350
C 72
= 0x7fbbd28cf510
R
P 0x7fbbd28bf008
C 294
R
P 0x7fbbd28bf008
P 0x7fbbd28cf510
C 9
R
P 0x7fbbd28bf008
C 294
R
P 0x7fbbd28bf008
U 2
P 0x7fbbd28cf200
P 0x7fbbd28cf510
p 2
C 61
= 0x7fbbd28cf580
R
P 0x7fbbd28bf008
C 294
R
P 0x7fbbd28bf008
P 0x7fbbd28cf580
C 9
R
P 0x7fbbd28bf008
C 294
R
P 0x7fbbd28bf008
P 0x7fbbd28cf580
C 275
R
P 0x7fbbd28bf008
C 294
R
P 0x7fbbd28bf008
P 0x7fbbd28cf3c0
P 0x7fbbd28cf580
C 59
= 0x7fbbd28cf5f0
R
P 0x7fbbd28bf008
C 294
R
P 0x7fbbd28bf008
P 0x7fbbd28cf5f0
C 9
R
P 0x7fbbd28bf008
C 294
R
P 0x7fbbd28bf008
P 0x7fbbd28cf5f0
C 56
= 0x7fbbd28cac08
R
P 0x7fbbd28bf008
C 294
R
P 0x7fbbd28bf008
P 0x7fbbd28cac08
C 9
R
P 0x7fbbd28bf008
C 294
R
P 0x7fbbd28bf008
P 0x7fbbd28cac08
C 275
R
P 0x7fbbd28bf008
C 294
R
P 0x7fbbd28bf008
C 410
= 0x7fbbd4966398
R
P 0x7fbbd28bf008
C 294
R
P 0x7fbbd28bf008
P 0x7fbbd4966398
C 417
R
P 0x7fbbd28bf008
C 294
R
P 0x7fbbd28bf008
P 0x7fbbd4966398
P 0x7fbbd28cac08
C 423
R
P 0x7fbbd28bf008
C 294
R
P 0x7fbbd28bf008
P 0x7fbbd4966398
C 426
R
P 0x7fbbd28bf008
C 294
R
P 0x7fbbd28bf008
C 410
= 0x7fbbd266ff58
R
P 0x7fbbd28bf008
C 294
R
P 0x7fbbd28bf008
P 0x7fbbd266ff58
C 417
R
P 0x7fbbd28bf008
C 294
R
P 0x7fbbd28bf008
P 0x7fbbd266ff58
P 0x7fbbd28cac08
C 423
R
P 0x7fbbd28bf008
C 294
R
P 0x7fbbd28bf008
P 0x7fbbd266ff58
C 426
R
P 0x7fbbd28bf008
C 294
R
P 0x7fbbd28bf008
P 0x7fbbd266ff58
C 428
= 0x7fbbd26c7118
R
P 0x7fbbd28bf008
C 294
R
P 0x7fbbd28bf008
P 0x7fbbd26c7118
C 247
R
P 0x7fbbd28bf008
C 294
R
P 0x7fbbd28bf008
P 0x7fbbd26c7118
C 279
R
P 0x7fbbd28bf008
C 294
